10:52:42.214554 [INFO] === Test execution started ===
10:52:42.214569 [INFO] Output directory: reports/2026-05-14_10-52-42
10:52:42.214573 [INFO] Platform: 
10:52:42.214575 [INFO] Driver: uiautomator2
10:52:42.216451 [INFO] Validated 5 flow(s)
10:52:42.216479 [INFO] Single device execution mode
10:52:42.216482 [INFO] Starting flow execution (parallel: false, devices: [])
10:52:42.216486 [INFO] Creating driver for single device execution
10:52:42.216493 [INFO] Auto-detecting Android device...
10:52:42.260450 [INFO] Device info: google Android SDK built for x86, SDK 27, Serial emulator-5554, Emulator: true
10:52:46.340328 [INFO] Starting UIAutomator2 server on device emulator-5554
10:52:47.129696 [WARN] failed to remove default socket forward for /tmp/uia2-emulator-5554.sock: adb forward --remove localfilesystem:/tmp/uia2-emulator-5554.sock: exit status 1: adb: error: listener 'localfilesystem:/tmp/uia2-emulator-5554.sock' not found
10:52:47.131707 [WARN] failed to remove adb forward for tcp:6790: adb forward --remove tcp:6790: exit status 1: adb: error: listener 'tcp:6790' not found
10:52:48.297045 [INFO] Creating UIAutomator2 session with capabilities: Platform=Android, Device=Android SDK built for x86
10:52:48.332986 [INFO] Session created successfully: 99b3d700-6ee0-4fa8-ba20-7a349bb0f256
10:52:48.427708 [INFO] Driver created: android on google Android SDK built for x86
10:52:48.435633 [INFO] === Starting flow: comment-recipe ===
10:52:48.435640 [INFO] Flow file: .maestro/community/comment-recipe.yaml
10:52:48.435642 [INFO] Total steps: 8
10:52:53.269220 [WARN] launchApp via server failed for com.tastopia.app: unknown command: The requested resource could not be found, or a request was received using an HTTP method that is not supported by the mapped resource — falling back to shell commands
10:52:55.096439 [DEBUG] Flutter: parallel search (text="", id="welcome-sign-in-button")
10:52:55.838156 [DEBUG] Flutter fallback: failed to get trees: no Flutter VM service found
10:52:56.779340 [DEBUG] Flutter fallback: failed to get trees: no Flutter VM service found
10:54:08.739352 [WARN] launchApp via server failed for com.tastopia.app: unknown command: The requested resource could not be found, or a request was received using an HTTP method that is not supported by the mapped resource — falling back to shell commands
10:54:32.551725 [INFO] === Starting flow: community ===
10:54:32.551738 [INFO] Flow file: .maestro/community/community.yaml
10:54:32.551743 [INFO] Total steps: 13
10:54:37.686943 [WARN] launchApp via server failed for com.tastopia.app: unknown command: The requested resource could not be found, or a request was received using an HTTP method that is not supported by the mapped resource — falling back to shell commands
10:55:52.167067 [WARN] launchApp via server failed for com.tastopia.app: unknown command: The requested resource could not be found, or a request was received using an HTTP method that is not supported by the mapped resource — falling back to shell commands
10:56:16.121837 [INFO] === Starting flow: cooking-mode ===
10:56:16.121849 [INFO] Flow file: .maestro/community/cooking-mode.yaml
10:56:16.121860 [INFO] Total steps: 8
10:56:21.349295 [WARN] launchApp via server failed for com.tastopia.app: unknown command: The requested resource could not be found, or a request was received using an HTTP method that is not supported by the mapped resource — falling back to shell commands
10:57:36.105200 [WARN] launchApp via server failed for com.tastopia.app: unknown command: The requested resource could not be found, or a request was received using an HTTP method that is not supported by the mapped resource — falling back to shell commands
10:57:59.943727 [INFO] === Starting flow: search-recipe ===
10:57:59.943736 [INFO] Flow file: .maestro/search/search-recipe.yaml
10:57:59.943739 [INFO] Total steps: 5
10:58:05.125226 [WARN] launchApp via server failed for com.tastopia.app: unknown command: The requested resource could not be found, or a request was received using an HTTP method that is not supported by the mapped resource — falling back to shell commands
10:59:19.844212 [WARN] launchApp via server failed for com.tastopia.app: unknown command: The requested resource could not be found, or a request was received using an HTTP method that is not supported by the mapped resource — falling back to shell commands
10:59:43.920903 [INFO] === Starting flow: search-user ===
10:59:43.920911 [INFO] Flow file: .maestro/search/search-user.yaml
10:59:43.920915 [INFO] Total steps: 10
10:59:49.088825 [WARN] launchApp via server failed for com.tastopia.app: unknown command: The requested resource could not be found, or a request was received using an HTTP method that is not supported by the mapped resource — falling back to shell commands
11:01:03.505239 [WARN] launchApp via server failed for com.tastopia.app: unknown command: The requested resource could not be found, or a request was received using an HTTP method that is not supported by the mapped resource — falling back to shell commands
11:01:27.683331 [WARN] failed to remove default socket forward for /tmp/uia2-emulator-5554.sock: adb forward --remove localfilesystem:/tmp/uia2-emulator-5554.sock: exit status 1: adb: error: listener 'localfilesystem:/tmp/uia2-emulator-5554.sock' not found
11:01:27.685413 [WARN] failed to remove adb forward for tcp:6790: adb forward --remove tcp:6790: exit status 1: adb: error: listener 'tcp:6790' not found
11:01:27.685424 [INFO] Flow execution completed: 0 passed, 5 failed, 0 skipped
11:01:27.686903 [INFO] Generating reports...
11:01:27.692259 [INFO] Shutting down devices started by maestro-runner...
11:01:27.692275 [INFO] Shutting down all tracked emulators
11:01:27.692281 [INFO] Shutting down all tracked simulators
