08:56:03.156866 [INFO] === Test execution started ===
08:56:03.156885 [INFO] Output directory: reports/2026-08-26_08-56-03
08:56:03.156889 [INFO] Platform: 
08:56:03.156891 [INFO] Driver: uiautomator2
08:56:03.161386 [INFO] Validated 5 flow(s)
08:56:03.161426 [INFO] Single device execution mode
08:56:03.161429 [INFO] Starting flow execution (parallel: false, devices: [])
08:56:03.161434 [INFO] Creating driver for single device execution
08:56:03.161441 [INFO] Auto-detecting Android device...
08:56:03.212943 [INFO] Device info: google Android SDK built for x86, SDK 27, Serial emulator-5554, Emulator: true
08:56:07.911187 [INFO] Starting UIAutomator2 server on device emulator-5554
08:56:08.700945 [WARN] failed to remove default socket forward for /tmp/uia2-emulator-5554.sock: adb forward --remove localfilesystem:/tmp/uia2-emulator-5554.sock: exit status 1: adb: error: listener 'localfilesystem:/tmp/uia2-emulator-5554.sock' not found
08:56:08.703138 [WARN] failed to remove adb forward for tcp:6790: adb forward --remove tcp:6790: exit status 1: adb: error: listener 'tcp:6790' not found
08:56:09.928639 [INFO] Creating UIAutomator2 session with capabilities: Platform=Android, Device=Android SDK built for x86
08:56:09.962678 [INFO] Session created successfully: c524cf4d-af5a-4f27-9817-877f9ddc0fb2
08:56:10.063662 [INFO] Driver created: android on google Android SDK built for x86
08:56:10.072077 [INFO] === Starting flow: comment-recipe ===
08:56:10.072084 [INFO] Flow file: .maestro/community/comment-recipe.yaml
08:56:10.072086 [INFO] Total steps: 8
08:56:15.031693 [WARN] launchApp via server failed for com.tastopia.app: unknown command: The requested resource could not be found, or a request was received using an HTTP method that is not supported by the mapped resource — falling back to shell commands
08:56:17.828644 [DEBUG] Flutter: parallel search (text="", id="welcome-sign-in-button")
08:56:19.797702 [DEBUG] Flutter fallback: failed to get trees: no Flutter VM service found
08:56:20.875274 [DEBUG] Flutter fallback: failed to get trees: no Flutter VM service found
08:56:21.838736 [DEBUG] Flutter fallback: failed to get trees: no Flutter VM service found
08:56:22.474220 [DEBUG] Flutter fallback: failed to get trees: no Flutter VM service found
08:56:23.029156 [DEBUG] Flutter fallback: failed to get trees: no Flutter VM service found
08:56:23.593127 [DEBUG] Flutter fallback: failed to get trees: no Flutter VM service found
08:56:24.006443 [DEBUG] Flutter fallback: failed to get trees: no Flutter VM service found
08:56:24.384130 [DEBUG] Flutter fallback: failed to get trees: no Flutter VM service found
08:56:24.705119 [DEBUG] Flutter fallback: failed to get trees: no Flutter VM service found
08:56:25.151031 [DEBUG] Flutter fallback: failed to get trees: no Flutter VM service found
08:56:25.476620 [DEBUG] Flutter fallback: failed to get trees: no Flutter VM service found
08:56:25.777608 [DEBUG] Flutter fallback: failed to get trees: no Flutter VM service found
08:56:26.118012 [DEBUG] Flutter fallback: failed to get trees: no Flutter VM service found
08:56:26.372010 [DEBUG] Flutter fallback: failed to get trees: no Flutter VM service found
08:56:26.643451 [DEBUG] Flutter fallback: failed to get trees: no Flutter VM service found
08:56:26.998505 [DEBUG] Flutter fallback: failed to get trees: no Flutter VM service found
08:56:27.211052 [DEBUG] Flutter fallback: failed to get trees: no Flutter VM service found
08:56:27.479055 [DEBUG] Flutter fallback: failed to get trees: no Flutter VM service found
08:56:27.682581 [DEBUG] Flutter fallback: failed to get trees: no Flutter VM service found
08:56:27.895327 [DEBUG] Flutter fallback: failed to get trees: no Flutter VM service found
08:56:28.130131 [DEBUG] Flutter fallback: failed to get trees: no Flutter VM service found
08:56:28.358170 [DEBUG] Flutter fallback: failed to get trees: no Flutter VM service found
08:56:28.558622 [DEBUG] Flutter fallback: failed to get trees: no Flutter VM service found
08:56:28.730875 [DEBUG] Flutter fallback: failed to get trees: no Flutter VM service found
08:56:29.025675 [DEBUG] Flutter fallback: failed to get trees: no Flutter VM service found
08:56:29.227642 [DEBUG] Flutter fallback: failed to get trees: no Flutter VM service found
08:56:29.511650 [DEBUG] Flutter fallback: failed to get trees: no Flutter VM service found
08:56:30.151896 [DEBUG] Flutter fallback: failed to get trees: no Flutter VM service found
08:56:30.493589 [DEBUG] Flutter fallback: failed to get trees: no Flutter VM service found
08:56:30.828191 [DEBUG] Flutter fallback: failed to get trees: no Flutter VM service found
08:56:31.122246 [DEBUG] Flutter fallback: failed to get trees: no Flutter VM service found
08:56:31.437723 [DEBUG] Flutter fallback: failed to get trees: no Flutter VM service found
08:56:31.722883 [DEBUG] Flutter fallback: failed to get trees: no Flutter VM service found
08:56:32.005724 [DEBUG] Flutter fallback: failed to get trees: no Flutter VM service found
08:56:32.305304 [DEBUG] Flutter fallback: failed to get trees: no Flutter VM service found
08:56:32.602481 [DEBUG] Flutter fallback: failed to get trees: no Flutter VM service found
08:56:32.882782 [DEBUG] Flutter fallback: failed to get trees: no Flutter VM service found
08:56:33.141766 [DEBUG] Flutter fallback: failed to get trees: no Flutter VM service found
08:56:33.334715 [DEBUG] Flutter fallback: failed to get trees: no Flutter VM service found
08:56:33.542581 [DEBUG] Flutter fallback: failed to get trees: no Flutter VM service found
08:56:33.780070 [DEBUG] Flutter fallback: failed to get trees: no Flutter VM service found
08:56:34.065414 [DEBUG] Flutter fallback: failed to get trees: no Flutter VM service found
08:56:34.250056 [DEBUG] Flutter fallback: failed to get trees: no Flutter VM service found
08:56:34.514695 [DEBUG] Flutter fallback: failed to get trees: no Flutter VM service found
08:56:34.778684 [DEBUG] Flutter fallback: failed to get trees: no Flutter VM service found
08:56:35.012908 [DEBUG] Flutter fallback: failed to get trees: no Flutter VM service found
08:56:42.325616 [WARN] launchApp via server failed for com.tastopia.app: unknown command: The requested resource could not be found, or a request was received using an HTTP method that is not supported by the mapped resource — falling back to shell commands
08:57:06.007057 [INFO] === Starting flow: community ===
08:57:06.007066 [INFO] Flow file: .maestro/community/community.yaml
08:57:06.007069 [INFO] Total steps: 13
08:57:11.621184 [WARN] launchApp via server failed for com.tastopia.app: unknown command: The requested resource could not be found, or a request was received using an HTTP method that is not supported by the mapped resource — falling back to shell commands
08:57:37.914875 [WARN] launchApp via server failed for com.tastopia.app: unknown command: The requested resource could not be found, or a request was received using an HTTP method that is not supported by the mapped resource — falling back to shell commands
08:58:01.605166 [INFO] === Starting flow: cooking-mode ===
08:58:01.605179 [INFO] Flow file: .maestro/community/cooking-mode.yaml
08:58:01.605184 [INFO] Total steps: 10
08:58:07.228058 [WARN] launchApp via server failed for com.tastopia.app: unknown command: The requested resource could not be found, or a request was received using an HTTP method that is not supported by the mapped resource — falling back to shell commands
08:58:33.182085 [WARN] launchApp via server failed for com.tastopia.app: unknown command: The requested resource could not be found, or a request was received using an HTTP method that is not supported by the mapped resource — falling back to shell commands
08:58:56.806804 [INFO] === Starting flow: search-recipe ===
08:58:56.806814 [INFO] Flow file: .maestro/search/search-recipe.yaml
08:58:56.806817 [INFO] Total steps: 5
08:59:02.428257 [WARN] launchApp via server failed for com.tastopia.app: unknown command: The requested resource could not be found, or a request was received using an HTTP method that is not supported by the mapped resource — falling back to shell commands
08:59:28.560662 [WARN] launchApp via server failed for com.tastopia.app: unknown command: The requested resource could not be found, or a request was received using an HTTP method that is not supported by the mapped resource — falling back to shell commands
08:59:52.175472 [INFO] === Starting flow: search-user ===
08:59:52.175479 [INFO] Flow file: .maestro/search/search-user.yaml
08:59:52.175482 [INFO] Total steps: 10
08:59:57.888678 [WARN] launchApp via server failed for com.tastopia.app: unknown command: The requested resource could not be found, or a request was received using an HTTP method that is not supported by the mapped resource — falling back to shell commands
09:00:23.970245 [WARN] launchApp via server failed for com.tastopia.app: unknown command: The requested resource could not be found, or a request was received using an HTTP method that is not supported by the mapped resource — falling back to shell commands
09:00:48.503764 [WARN] failed to remove default socket forward for /tmp/uia2-emulator-5554.sock: adb forward --remove localfilesystem:/tmp/uia2-emulator-5554.sock: exit status 1: adb: error: listener 'localfilesystem:/tmp/uia2-emulator-5554.sock' not found
09:00:48.505776 [WARN] failed to remove adb forward for tcp:6790: adb forward --remove tcp:6790: exit status 1: adb: error: listener 'tcp:6790' not found
09:00:48.505788 [INFO] Flow execution completed: 0 passed, 5 failed, 0 skipped
09:00:48.506895 [INFO] Generating reports...
09:00:48.511755 [INFO] Shutting down devices started by maestro-runner...
09:00:48.511919 [INFO] Shutting down all tracked emulators
09:00:48.511928 [INFO] Shutting down all tracked simulators
