12:52:58.974067 [INFO] === Test execution started ===
12:52:58.974078 [INFO] Output directory: reports/2026-09-17_12-52-58
12:52:58.974080 [INFO] Platform: 
12:52:58.974080 [INFO] Driver: uiautomator2
12:52:58.979778 [INFO] Validated 5 flow(s)
12:52:58.979800 [INFO] Single device execution mode
12:52:58.979801 [INFO] Starting flow execution (parallel: false, devices: [])
12:52:58.979805 [INFO] Creating driver for single device execution
12:52:58.979809 [INFO] Auto-detecting Android device...
12:52:59.050860 [INFO] Device info: google Android SDK built for x86, SDK 27, Serial emulator-5554, Emulator: true
12:53:00.903172 [INFO] Starting UIAutomator2 server on device emulator-5554
12:53:01.557654 [WARN] failed to remove default socket forward for /tmp/uia2-emulator-5554.sock: adb forward --remove localfilesystem:/tmp/uia2-emulator-5554.sock: exit status 1: adb: error: listener 'localfilesystem:/tmp/uia2-emulator-5554.sock' not found
12:53:01.559205 [WARN] failed to remove adb forward for tcp:6790: adb forward --remove tcp:6790: exit status 1: adb: error: listener 'tcp:6790' not found
12:53:02.111481 [INFO] Creating UIAutomator2 session with capabilities: Platform=Android, Device=Android SDK built for x86
12:53:02.123181 [INFO] Session created successfully: fd719e39-2cbe-4614-8b56-9ca10c8134be
12:53:02.180576 [INFO] Driver created: android on google Android SDK built for x86
12:53:02.207013 [INFO] === Starting flow: comment-recipe ===
12:53:02.207017 [INFO] Flow file: .maestro/community/comment-recipe.yaml
12:53:02.207018 [INFO] Total steps: 8
12:53:05.345878 [WARN] launchApp via server failed for com.tastopia.app: unknown command: The requested resource could not be found, or a request was received using an HTTP method that is not supported by the mapped resource — falling back to shell commands
12:53:06.488203 [DEBUG] Flutter: parallel search (text="", id="welcome-sign-in-button")
12:53:06.582281 [DEBUG] Flutter fallback: failed to get trees: no Flutter VM service found
12:53:06.646580 [DEBUG] Flutter fallback: failed to get trees: no Flutter VM service found
12:53:06.744682 [DEBUG] Flutter fallback: failed to get trees: no Flutter VM service found
12:53:06.775481 [DEBUG] Flutter fallback: failed to get trees: no Flutter VM service found
12:53:06.801000 [DEBUG] Flutter fallback: failed to get trees: no Flutter VM service found
12:53:06.815830 [DEBUG] Flutter fallback: failed to get trees: no Flutter VM service found
12:53:06.831633 [DEBUG] Flutter fallback: failed to get trees: no Flutter VM service found
12:53:06.855655 [DEBUG] Flutter fallback: failed to get trees: no Flutter VM service found
12:53:06.870879 [DEBUG] Flutter fallback: failed to get trees: no Flutter VM service found
12:53:06.887317 [DEBUG] Flutter fallback: failed to get trees: no Flutter VM service found
12:53:06.900999 [DEBUG] Flutter fallback: failed to get trees: no Flutter VM service found
12:53:06.914437 [DEBUG] Flutter fallback: failed to get trees: no Flutter VM service found
12:53:06.940083 [DEBUG] Flutter fallback: failed to get trees: no Flutter VM service found
12:53:06.953923 [DEBUG] Flutter fallback: failed to get trees: no Flutter VM service found
12:53:06.969122 [DEBUG] Flutter fallback: failed to get trees: no Flutter VM service found
12:53:06.991980 [DEBUG] Flutter fallback: failed to get trees: no Flutter VM service found
12:53:07.017453 [DEBUG] Flutter fallback: failed to get trees: no Flutter VM service found
12:53:07.031064 [DEBUG] Flutter fallback: failed to get trees: no Flutter VM service found
12:53:07.046612 [DEBUG] Flutter fallback: failed to get trees: no Flutter VM service found
12:53:07.089689 [DEBUG] Flutter fallback: failed to get trees: no Flutter VM service found
12:53:07.117181 [DEBUG] Flutter fallback: failed to get trees: no Flutter VM service found
12:53:07.174388 [DEBUG] Flutter fallback: failed to get trees: no Flutter VM service found
12:53:07.229790 [DEBUG] Flutter fallback: failed to get trees: no Flutter VM service found
12:53:07.292834 [DEBUG] Flutter fallback: failed to get trees: no Flutter VM service found
12:53:07.316792 [DEBUG] Flutter fallback: failed to get trees: no Flutter VM service found
12:53:07.333460 [DEBUG] Flutter fallback: failed to get trees: no Flutter VM service found
12:53:07.348542 [DEBUG] Flutter fallback: failed to get trees: no Flutter VM service found
12:53:07.371594 [DEBUG] Flutter fallback: failed to get trees: no Flutter VM service found
12:53:07.385422 [DEBUG] Flutter fallback: failed to get trees: no Flutter VM service found
12:53:07.399527 [DEBUG] Flutter fallback: failed to get trees: no Flutter VM service found
12:53:07.430239 [DEBUG] Flutter fallback: failed to get trees: no Flutter VM service found
12:53:07.462368 [DEBUG] Flutter fallback: failed to get trees: no Flutter VM service found
12:53:07.515735 [DEBUG] Flutter fallback: failed to get trees: no Flutter VM service found
12:53:07.546592 [DEBUG] Flutter fallback: failed to get trees: no Flutter VM service found
12:53:07.582167 [DEBUG] Flutter fallback: failed to get trees: no Flutter VM service found
12:53:07.618448 [DEBUG] Flutter fallback: failed to get trees: no Flutter VM service found
12:53:07.638300 [DEBUG] Flutter fallback: failed to get trees: no Flutter VM service found
12:53:07.692153 [DEBUG] Flutter fallback: failed to get trees: no Flutter VM service found
12:53:07.729327 [DEBUG] Flutter fallback: failed to get trees: no Flutter VM service found
12:53:07.765726 [DEBUG] Flutter fallback: failed to get trees: no Flutter VM service found
12:53:07.789010 [DEBUG] Flutter fallback: failed to get trees: no Flutter VM service found
12:53:07.823533 [DEBUG] Flutter fallback: failed to get trees: no Flutter VM service found
12:53:07.860238 [DEBUG] Flutter fallback: failed to get trees: no Flutter VM service found
12:53:07.944134 [DEBUG] Flutter fallback: failed to get trees: no Flutter VM service found
12:53:08.002153 [DEBUG] Flutter fallback: failed to get trees: no Flutter VM service found
12:53:08.047338 [DEBUG] Flutter fallback: failed to get trees: no Flutter VM service found
12:53:08.130148 [DEBUG] Flutter fallback: failed to get trees: no Flutter VM service found
12:53:08.178527 [DEBUG] Flutter fallback: failed to get trees: no Flutter VM service found
12:53:08.208750 [DEBUG] Flutter fallback: failed to get trees: no Flutter VM service found
12:53:08.247501 [DEBUG] Flutter fallback: failed to get trees: no Flutter VM service found
12:53:08.270926 [DEBUG] Flutter fallback: failed to get trees: no Flutter VM service found
12:53:08.294483 [DEBUG] Flutter fallback: failed to get trees: no Flutter VM service found
12:53:08.309567 [DEBUG] Flutter fallback: failed to get trees: no Flutter VM service found
12:53:08.333325 [DEBUG] Flutter fallback: failed to get trees: no Flutter VM service found
12:53:08.357898 [DEBUG] Flutter fallback: failed to get trees: no Flutter VM service found
12:53:08.381957 [DEBUG] Flutter fallback: failed to get trees: no Flutter VM service found
12:53:08.405645 [DEBUG] Flutter fallback: failed to get trees: no Flutter VM service found
12:53:08.431357 [DEBUG] Flutter fallback: failed to get trees: no Flutter VM service found
12:53:08.455395 [DEBUG] Flutter fallback: failed to get trees: no Flutter VM service found
12:53:08.480730 [DEBUG] Flutter fallback: failed to get trees: no Flutter VM service found
12:53:08.504204 [DEBUG] Flutter fallback: failed to get trees: no Flutter VM service found
12:53:08.519111 [DEBUG] Flutter fallback: failed to get trees: no Flutter VM service found
12:53:08.543891 [DEBUG] Flutter fallback: failed to get trees: no Flutter VM service found
12:53:08.567771 [DEBUG] Flutter fallback: failed to get trees: no Flutter VM service found
12:53:08.591868 [DEBUG] Flutter fallback: failed to get trees: no Flutter VM service found
12:53:08.616082 [DEBUG] Flutter fallback: failed to get trees: no Flutter VM service found
12:53:08.630244 [DEBUG] Flutter fallback: failed to get trees: no Flutter VM service found
12:53:08.654029 [DEBUG] Flutter fallback: failed to get trees: no Flutter VM service found
12:53:08.685678 [DEBUG] Flutter fallback: failed to get trees: no Flutter VM service found
12:53:08.721381 [DEBUG] Flutter fallback: failed to get trees: no Flutter VM service found
12:53:08.782395 [DEBUG] Flutter fallback: failed to get trees: no Flutter VM service found
12:53:19.654524 [DEBUG] Executing step 0: assertVisible: text="Community"
12:53:19.712869 [DEBUG] Step 0 completed successfully (58ms): assertVisible: text="Community"
12:53:19.713251 [DEBUG] Executing step 1: tapOn: id="COMMUNITY"
12:53:19.793693 [DEBUG] Step 1 completed successfully (80ms): tapOn: id="COMMUNITY"
12:53:19.793918 [DEBUG] Executing step 2: tapOn: id="recipe"
12:53:19.967209 [DEBUG] Step 2 completed successfully (173ms): tapOn: id="recipe"
12:53:19.967488 [DEBUG] Executing step 3: scrollUntilVisible: id="recipe-comment-input"
12:53:31.352759 [DEBUG] Step 3 completed successfully (11385ms): scrollUntilVisible: id="recipe-comment-input"
12:53:31.353157 [DEBUG] Executing step 4: tapOn: id="recipe-comment-input"
12:53:31.618363 [DEBUG] Step 4 completed successfully (265ms): tapOn: id="recipe-comment-input"
12:53:31.618760 [DEBUG] Executing step 5: inputText: "test comment"
12:53:33.140353 [DEBUG] Step 5 completed successfully (1521ms): inputText: "test comment"
12:53:33.141422 [DEBUG] Executing step 6: hideKeyboard
12:53:33.147459 [DEBUG] Step 6 completed successfully (6ms): hideKeyboard
12:53:33.147707 [DEBUG] Executing step 7: tapOn: id="submit-comment-button"
12:53:34.799103 [DEBUG] Step 7 completed successfully (1651ms): tapOn: id="submit-comment-button"
12:53:34.804873 [INFO] === Flow completed: comment-recipe (status: passed, duration: 32597ms, passed: 21, failed: 0, skipped: 0) ===
12:53:38.197224 [WARN] launchApp via server failed for com.tastopia.app: unknown command: The requested resource could not be found, or a request was received using an HTTP method that is not supported by the mapped resource — falling back to shell commands
12:53:45.226800 [INFO] === Starting flow: community ===
12:53:45.226806 [INFO] Flow file: .maestro/community/community.yaml
12:53:45.226807 [INFO] Total steps: 13
12:53:48.338585 [WARN] launchApp via server failed for com.tastopia.app: unknown command: The requested resource could not be found, or a request was received using an HTTP method that is not supported by the mapped resource — falling back to shell commands
12:54:01.359334 [DEBUG] Executing step 0: assertVisible: text="Community"
12:54:01.370907 [DEBUG] Step 0 completed successfully (11ms): assertVisible: text="Community"
12:54:01.371148 [DEBUG] Executing step 1: tapOn: id="COMMUNITY"
12:54:01.486027 [DEBUG] Step 1 completed successfully (114ms): tapOn: id="COMMUNITY"
12:54:01.486289 [DEBUG] Executing step 2: extendedWaitUntil: visible id="recipe"
12:54:01.585737 [DEBUG] Step 2 completed successfully (99ms): extendedWaitUntil: visible id="recipe"
12:54:01.586588 [DEBUG] Executing step 3: tapOn: id="community-filter-noodles"
12:54:01.662287 [DEBUG] Step 3 completed successfully (75ms): tapOn: id="community-filter-noodles"
12:54:01.662634 [DEBUG] Executing step 4: extendedWaitUntil: visible id="recipe"
12:54:01.700352 [DEBUG] Step 4 completed successfully (37ms): extendedWaitUntil: visible id="recipe"
12:54:01.700520 [DEBUG] Executing step 5: tapOn: id="community-filter-spice"
12:54:01.752662 [DEBUG] Step 5 completed successfully (52ms): tapOn: id="community-filter-spice"
12:54:01.752974 [DEBUG] Executing step 6: extendedWaitUntil: visible id="recipe"
12:54:01.810988 [DEBUG] Step 6 completed successfully (58ms): extendedWaitUntil: visible id="recipe"
12:54:01.811419 [DEBUG] Executing step 7: tapOn: id="community-filter-bbq"
12:54:01.855137 [DEBUG] Step 7 completed successfully (43ms): tapOn: id="community-filter-bbq"
12:54:01.855400 [DEBUG] Executing step 8: extendedWaitUntil: visible id="recipe"
12:54:01.890999 [DEBUG] Step 8 completed successfully (35ms): extendedWaitUntil: visible id="recipe"
12:54:01.891330 [DEBUG] Executing step 9: tapOn: id="community-filter-seafood"
12:54:03.420040 [DEBUG] Step 9 completed successfully (1528ms): tapOn: id="community-filter-seafood"
12:54:03.420475 [DEBUG] Executing step 10: extendedWaitUntil: visible id="recipe"
12:54:03.464157 [DEBUG] Step 10 completed successfully (43ms): extendedWaitUntil: visible id="recipe"
12:54:03.465174 [DEBUG] Executing step 11: tapOn: id="community-filter-all"
12:54:03.518855 [DEBUG] Step 11 completed successfully (53ms): tapOn: id="community-filter-all"
12:54:03.519348 [DEBUG] Executing step 12: extendedWaitUntil: visible id="recipe"
12:54:04.565718 [DEBUG] Step 12 completed successfully (1046ms): extendedWaitUntil: visible id="recipe"
12:54:04.569487 [INFO] === Flow completed: community (status: passed, duration: 19342ms, passed: 26, failed: 0, skipped: 0) ===
12:54:07.777769 [WARN] launchApp via server failed for com.tastopia.app: unknown command: The requested resource could not be found, or a request was received using an HTTP method that is not supported by the mapped resource — falling back to shell commands
12:54:13.242221 [INFO] === Starting flow: cooking-mode ===
12:54:13.242229 [INFO] Flow file: .maestro/community/cooking-mode.yaml
12:54:13.242230 [INFO] Total steps: 10
12:54:16.493112 [WARN] launchApp via server failed for com.tastopia.app: unknown command: The requested resource could not be found, or a request was received using an HTTP method that is not supported by the mapped resource — falling back to shell commands
12:54:27.350234 [DEBUG] Executing step 0: assertVisible: text="Community"
12:54:27.360868 [DEBUG] Step 0 completed successfully (10ms): assertVisible: text="Community"
12:54:27.361080 [DEBUG] Executing step 1: tapOn: id="COMMUNITY"
12:54:27.555953 [DEBUG] Step 1 completed successfully (194ms): tapOn: id="COMMUNITY"
12:54:27.556234 [DEBUG] Executing step 2: tapOn: id="recipe"
12:54:27.685397 [DEBUG] Step 2 completed successfully (129ms): tapOn: id="recipe"
12:54:27.685676 [DEBUG] Executing step 3: tapOn: id="recipe-cook-button"
12:54:29.710269 [DEBUG] Step 3 completed successfully (2024ms): tapOn: id="recipe-cook-button"
12:54:29.710619 [DEBUG] Executing step 4: tapOn: id="active-speaking-switch"
12:54:30.925860 [DEBUG] Step 4 completed successfully (1215ms): tapOn: id="active-speaking-switch"
12:54:30.926283 [DEBUG] Executing step 5: runFlow
12:54:38.033343 [DEBUG] Step 5 completed successfully (7107ms): runFlow
12:54:38.033689 [DEBUG] Executing step 6: runFlow
12:54:45.083931 [DEBUG] Step 6 completed successfully (7050ms): runFlow
12:54:45.084293 [DEBUG] Executing step 7: tapOn: id="active-speaking-switch"
12:54:45.128314 [DEBUG] Step 7 completed successfully (44ms): tapOn: id="active-speaking-switch"
12:54:45.128633 [DEBUG] Executing step 8: tapOn: id="cooking-next-button"
12:54:45.663751 [DEBUG] Step 8 completed successfully (535ms): tapOn: id="cooking-next-button"
12:54:45.664130 [DEBUG] Executing step 9: tapOn: id="cooking-back-button"
12:54:45.701632 [DEBUG] Step 9 completed successfully (37ms): tapOn: id="cooking-back-button"
12:54:45.706504 [INFO] === Flow completed: cooking-mode (status: passed, duration: 32464ms, passed: 21, failed: 0, skipped: 0) ===
12:54:49.052708 [WARN] launchApp via server failed for com.tastopia.app: unknown command: The requested resource could not be found, or a request was received using an HTTP method that is not supported by the mapped resource — falling back to shell commands
12:54:55.994161 [INFO] === Starting flow: search-recipe ===
12:54:55.994167 [INFO] Flow file: .maestro/search/search-recipe.yaml
12:54:55.994168 [INFO] Total steps: 5
12:54:59.111008 [WARN] launchApp via server failed for com.tastopia.app: unknown command: The requested resource could not be found, or a request was received using an HTTP method that is not supported by the mapped resource — falling back to shell commands
12:55:08.503746 [DEBUG] Executing step 0: tapOn: id="SEARCH"
12:55:08.555184 [DEBUG] Step 0 completed successfully (51ms): tapOn: id="SEARCH"
12:55:08.555415 [DEBUG] Executing step 1: tapOn: id="search-recipe-input"
12:55:10.068826 [DEBUG] Step 1 completed successfully (1513ms): tapOn: id="search-recipe-input"
12:55:10.069216 [DEBUG] Executing step 2: inputText: "a"
12:55:10.096896 [DEBUG] Step 2 completed successfully (27ms): inputText: "a"
12:55:10.097190 [DEBUG] Executing step 3: hideKeyboard
12:55:10.116261 [DEBUG] Step 3 completed successfully (19ms): hideKeyboard
12:55:10.116492 [DEBUG] Executing step 4: extendedWaitUntil: visible id="search-recipe-item"
12:55:12.568986 [DEBUG] Step 4 completed successfully (2452ms): extendedWaitUntil: visible id="search-recipe-item"
12:55:12.574736 [INFO] === Flow completed: search-recipe (status: passed, duration: 16580ms, passed: 18, failed: 0, skipped: 0) ===
12:55:15.908345 [WARN] launchApp via server failed for com.tastopia.app: unknown command: The requested resource could not be found, or a request was received using an HTTP method that is not supported by the mapped resource — falling back to shell commands
12:55:21.288608 [INFO] === Starting flow: search-user ===
12:55:21.288615 [INFO] Flow file: .maestro/search/search-user.yaml
12:55:21.288617 [INFO] Total steps: 10
12:55:24.317990 [WARN] launchApp via server failed for com.tastopia.app: unknown command: The requested resource could not be found, or a request was received using an HTTP method that is not supported by the mapped resource — falling back to shell commands
12:55:36.791192 [DEBUG] Executing step 0: tapOn: id="SEARCH"
12:55:36.838539 [DEBUG] Step 0 completed successfully (47ms): tapOn: id="SEARCH"
12:55:36.838970 [DEBUG] Executing step 1: tapOn: id="search-mode-toggle-button"
12:55:37.663853 [DEBUG] Step 1 completed successfully (824ms): tapOn: id="search-mode-toggle-button"
12:55:37.664251 [DEBUG] Executing step 2: tapOn: id="search-user-input"
12:55:39.009403 [DEBUG] Step 2 completed successfully (1345ms): tapOn: id="search-user-input"
12:55:39.009770 [DEBUG] Executing step 3: inputText: "a"
12:55:39.033076 [DEBUG] Step 3 completed successfully (23ms): inputText: "a"
12:55:39.033364 [DEBUG] Executing step 4: hideKeyboard
12:55:39.170839 [DEBUG] Step 4 completed successfully (137ms): hideKeyboard
12:55:39.171248 [DEBUG] Executing step 5: assertVisible: id="search-user-follow-button"
12:55:40.527540 [DEBUG] Step 5 completed successfully (1356ms): assertVisible: id="search-user-follow-button"
12:55:40.528351 [DEBUG] Executing step 6: tapOn: id="search-user-follow-button"
12:55:41.192521 [DEBUG] Step 6 completed successfully (664ms): tapOn: id="search-user-follow-button"
12:55:41.192818 [DEBUG] Executing step 7: assertVisible: text="Unfollow"
12:55:41.879361 [DEBUG] Step 7 completed successfully (686ms): assertVisible: text="Unfollow"
12:55:41.879731 [DEBUG] Executing step 8: tapOn: id="search-user-follow-button"
12:55:41.917636 [DEBUG] Step 8 completed successfully (37ms): tapOn: id="search-user-follow-button"
12:55:41.917958 [DEBUG] Executing step 9: assertVisible: text="Follow"
12:55:41.931278 [DEBUG] Step 9 completed successfully (13ms): assertVisible: text="Follow"
12:55:41.944849 [INFO] === Flow completed: search-user (status: passed, duration: 20656ms, passed: 23, failed: 0, skipped: 0) ===
12:55:45.111022 [WARN] launchApp via server failed for com.tastopia.app: unknown command: The requested resource could not be found, or a request was received using an HTTP method that is not supported by the mapped resource — falling back to shell commands
12:55:52.453648 [WARN] failed to remove default socket forward for /tmp/uia2-emulator-5554.sock: adb forward --remove localfilesystem:/tmp/uia2-emulator-5554.sock: exit status 1: adb: error: listener 'localfilesystem:/tmp/uia2-emulator-5554.sock' not found
12:55:52.455029 [WARN] failed to remove adb forward for tcp:6790: adb forward --remove tcp:6790: exit status 1: adb: error: listener 'tcp:6790' not found
12:55:52.455047 [INFO] Flow execution completed: 5 passed, 0 failed, 0 skipped
12:55:52.456631 [INFO] Generating reports...
12:55:52.461937 [INFO] Shutting down devices started by maestro-runner...
12:55:52.462130 [INFO] Shutting down all tracked emulators
12:55:52.462136 [INFO] Shutting down all tracked simulators
