08:07:39.635250 [INFO] === Test execution started ===
08:07:39.635262 [INFO] Output directory: reports/2026-08-26_08-07-39
08:07:39.635265 [INFO] Platform: 
08:07:39.635267 [INFO] Driver: uiautomator2
08:07:39.640346 [INFO] Validated 5 flow(s)
08:07:39.640377 [INFO] Single device execution mode
08:07:39.640381 [INFO] Starting flow execution (parallel: false, devices: [])
08:07:39.640385 [INFO] Creating driver for single device execution
08:07:39.640392 [INFO] Auto-detecting Android device...
08:07:39.685877 [INFO] Device info: google Android SDK built for x86, SDK 27, Serial emulator-5554, Emulator: true
08:07:44.441306 [INFO] Starting UIAutomator2 server on device emulator-5554
08:07:45.197802 [WARN] failed to remove default socket forward for /tmp/uia2-emulator-5554.sock: adb forward --remove localfilesystem:/tmp/uia2-emulator-5554.sock: exit status 1: adb: error: listener 'localfilesystem:/tmp/uia2-emulator-5554.sock' not found
08:07:45.199863 [WARN] failed to remove adb forward for tcp:6790: adb forward --remove tcp:6790: exit status 1: adb: error: listener 'tcp:6790' not found
08:07:46.370487 [INFO] Creating UIAutomator2 session with capabilities: Platform=Android, Device=Android SDK built for x86
08:07:46.404344 [INFO] Session created successfully: 82809581-8cf4-4a44-bf46-d30c4db9072f
08:07:46.491710 [INFO] Driver created: android on google Android SDK built for x86
08:07:46.500835 [INFO] === Starting flow: comment-recipe ===
08:07:46.500841 [INFO] Flow file: .maestro/community/comment-recipe.yaml
08:07:46.500843 [INFO] Total steps: 8
08:07:51.127070 [WARN] launchApp via server failed for com.tastopia.app: unknown command: The requested resource could not be found, or a request was received using an HTTP method that is not supported by the mapped resource — falling back to shell commands
08:07:53.449174 [DEBUG] Flutter: parallel search (text="", id="welcome-sign-in-button")
08:07:53.965443 [DEBUG] Flutter fallback: failed to get trees: no Flutter VM service found
08:07:54.242789 [DEBUG] Flutter fallback: failed to get trees: no Flutter VM service found
08:07:54.440049 [DEBUG] Flutter fallback: failed to get trees: no Flutter VM service found
08:07:54.709895 [DEBUG] Flutter fallback: failed to get trees: no Flutter VM service found
08:07:54.866965 [DEBUG] Flutter fallback: failed to get trees: no Flutter VM service found
08:07:55.076183 [DEBUG] Flutter fallback: failed to get trees: no Flutter VM service found
08:07:55.217738 [DEBUG] Flutter fallback: failed to get trees: no Flutter VM service found
08:07:55.426603 [DEBUG] Flutter fallback: failed to get trees: no Flutter VM service found
08:07:55.528007 [DEBUG] Flutter fallback: failed to get trees: no Flutter VM service found
08:07:55.634282 [DEBUG] Flutter fallback: failed to get trees: no Flutter VM service found
08:07:55.754043 [DEBUG] Flutter fallback: failed to get trees: no Flutter VM service found
08:07:55.856730 [DEBUG] Flutter fallback: failed to get trees: no Flutter VM service found
08:07:55.876364 [DEBUG] Flutter fallback: failed to get trees: no Flutter VM service found
08:07:55.893354 [DEBUG] Flutter fallback: failed to get trees: no Flutter VM service found
08:07:55.918386 [DEBUG] Flutter fallback: failed to get trees: no Flutter VM service found
08:07:55.932337 [DEBUG] Flutter fallback: failed to get trees: no Flutter VM service found
08:07:55.948937 [DEBUG] Flutter fallback: failed to get trees: no Flutter VM service found
08:07:55.965205 [DEBUG] Flutter fallback: failed to get trees: no Flutter VM service found
08:07:56.041277 [DEBUG] Flutter fallback: failed to get trees: no Flutter VM service found
08:07:56.070220 [DEBUG] Flutter fallback: failed to get trees: no Flutter VM service found
08:07:56.090341 [DEBUG] Flutter fallback: failed to get trees: no Flutter VM service found
08:07:56.114990 [DEBUG] Flutter fallback: failed to get trees: no Flutter VM service found
08:07:56.127083 [DEBUG] Flutter fallback: failed to get trees: no Flutter VM service found
08:07:56.140224 [DEBUG] Flutter fallback: failed to get trees: no Flutter VM service found
08:07:56.158476 [DEBUG] Flutter fallback: failed to get trees: no Flutter VM service found
08:07:56.178850 [DEBUG] Flutter fallback: failed to get trees: no Flutter VM service found
08:07:56.206119 [DEBUG] Flutter fallback: failed to get trees: no Flutter VM service found
08:07:56.219755 [DEBUG] Flutter fallback: failed to get trees: no Flutter VM service found
08:07:56.255571 [DEBUG] Flutter fallback: failed to get trees: no Flutter VM service found
08:07:56.274805 [DEBUG] Flutter fallback: failed to get trees: no Flutter VM service found
08:07:56.293294 [DEBUG] Flutter fallback: failed to get trees: no Flutter VM service found
08:07:56.316099 [DEBUG] Flutter fallback: failed to get trees: no Flutter VM service found
08:07:56.347966 [DEBUG] Flutter fallback: failed to get trees: no Flutter VM service found
08:07:56.366855 [DEBUG] Flutter fallback: failed to get trees: no Flutter VM service found
08:07:56.411215 [DEBUG] Flutter fallback: failed to get trees: no Flutter VM service found
08:07:56.425361 [DEBUG] Flutter fallback: failed to get trees: no Flutter VM service found
08:07:56.449512 [DEBUG] Flutter fallback: failed to get trees: no Flutter VM service found
08:07:56.482013 [DEBUG] Flutter fallback: failed to get trees: no Flutter VM service found
08:07:56.501694 [DEBUG] Flutter fallback: failed to get trees: no Flutter VM service found
08:07:56.520686 [DEBUG] Flutter fallback: failed to get trees: no Flutter VM service found
08:07:56.534409 [DEBUG] Flutter fallback: failed to get trees: no Flutter VM service found
08:07:56.556470 [DEBUG] Flutter fallback: failed to get trees: no Flutter VM service found
08:07:56.631651 [DEBUG] Flutter fallback: failed to get trees: no Flutter VM service found
08:07:56.645412 [DEBUG] Flutter fallback: failed to get trees: no Flutter VM service found
08:07:56.662870 [DEBUG] Flutter fallback: failed to get trees: no Flutter VM service found
08:07:56.703253 [DEBUG] Flutter fallback: failed to get trees: no Flutter VM service found
08:07:56.715861 [DEBUG] Flutter fallback: failed to get trees: no Flutter VM service found
08:07:56.728283 [DEBUG] Flutter fallback: failed to get trees: no Flutter VM service found
08:07:56.742235 [DEBUG] Flutter fallback: failed to get trees: no Flutter VM service found
08:07:56.757418 [DEBUG] Flutter fallback: failed to get trees: no Flutter VM service found
08:07:56.773382 [DEBUG] Flutter fallback: failed to get trees: no Flutter VM service found
08:07:56.796581 [DEBUG] Flutter fallback: failed to get trees: no Flutter VM service found
08:07:56.808812 [DEBUG] Flutter fallback: failed to get trees: no Flutter VM service found
08:07:56.823244 [DEBUG] Flutter fallback: failed to get trees: no Flutter VM service found
08:07:56.865153 [DEBUG] Flutter fallback: failed to get trees: no Flutter VM service found
08:07:56.892768 [DEBUG] Flutter fallback: failed to get trees: no Flutter VM service found
08:07:56.916896 [DEBUG] Flutter fallback: failed to get trees: no Flutter VM service found
08:07:56.929826 [DEBUG] Flutter fallback: failed to get trees: no Flutter VM service found
08:07:56.949056 [DEBUG] Flutter fallback: failed to get trees: no Flutter VM service found
08:07:56.970069 [DEBUG] Flutter fallback: failed to get trees: no Flutter VM service found
08:07:57.024151 [DEBUG] Flutter fallback: failed to get trees: no Flutter VM service found
08:07:57.061737 [DEBUG] Flutter fallback: failed to get trees: no Flutter VM service found
08:07:57.082107 [DEBUG] Flutter fallback: failed to get trees: no Flutter VM service found
08:07:57.108261 [DEBUG] Flutter fallback: failed to get trees: no Flutter VM service found
08:07:57.121366 [DEBUG] Flutter fallback: failed to get trees: no Flutter VM service found
08:07:57.137297 [DEBUG] Flutter fallback: failed to get trees: no Flutter VM service found
08:07:57.152184 [DEBUG] Flutter fallback: failed to get trees: no Flutter VM service found
08:07:57.169385 [DEBUG] Flutter fallback: failed to get trees: no Flutter VM service found
08:07:57.182859 [DEBUG] Flutter fallback: failed to get trees: no Flutter VM service found
08:07:57.204399 [DEBUG] Flutter fallback: failed to get trees: no Flutter VM service found
08:07:57.220123 [DEBUG] Flutter fallback: failed to get trees: no Flutter VM service found
08:07:57.281372 [DEBUG] Flutter fallback: failed to get trees: no Flutter VM service found
08:07:57.322443 [DEBUG] Flutter fallback: failed to get trees: no Flutter VM service found
08:07:57.353211 [DEBUG] Flutter fallback: failed to get trees: no Flutter VM service found
08:07:57.372580 [DEBUG] Flutter fallback: failed to get trees: no Flutter VM service found
08:07:57.399537 [DEBUG] Flutter fallback: failed to get trees: no Flutter VM service found
08:07:57.415049 [DEBUG] Flutter fallback: failed to get trees: no Flutter VM service found
08:07:57.453825 [DEBUG] Flutter fallback: failed to get trees: no Flutter VM service found
08:07:57.490313 [DEBUG] Flutter fallback: failed to get trees: no Flutter VM service found
08:07:57.520071 [DEBUG] Flutter fallback: failed to get trees: no Flutter VM service found
08:07:57.562908 [DEBUG] Flutter fallback: failed to get trees: no Flutter VM service found
08:07:57.587200 [DEBUG] Flutter fallback: failed to get trees: no Flutter VM service found
08:07:57.628860 [DEBUG] Flutter fallback: failed to get trees: no Flutter VM service found
08:07:57.646908 [DEBUG] Flutter fallback: failed to get trees: no Flutter VM service found
08:07:57.662456 [DEBUG] Flutter fallback: failed to get trees: no Flutter VM service found
08:07:57.679863 [DEBUG] Flutter fallback: failed to get trees: no Flutter VM service found
08:07:57.694520 [DEBUG] Flutter fallback: failed to get trees: no Flutter VM service found
08:07:57.721310 [DEBUG] Flutter fallback: failed to get trees: no Flutter VM service found
08:07:57.759934 [DEBUG] Flutter fallback: failed to get trees: no Flutter VM service found
08:07:57.773627 [DEBUG] Flutter fallback: failed to get trees: no Flutter VM service found
08:07:57.792070 [DEBUG] Flutter fallback: failed to get trees: no Flutter VM service found
08:07:57.806680 [DEBUG] Flutter fallback: failed to get trees: no Flutter VM service found
08:07:57.830068 [DEBUG] Flutter fallback: failed to get trees: no Flutter VM service found
08:07:57.841557 [DEBUG] Flutter fallback: failed to get trees: no Flutter VM service found
08:07:57.884816 [DEBUG] Flutter fallback: failed to get trees: no Flutter VM service found
08:07:57.969883 [DEBUG] Flutter fallback: failed to get trees: no Flutter VM service found
08:07:58.010504 [DEBUG] Flutter fallback: failed to get trees: no Flutter VM service found
08:07:58.096515 [DEBUG] Flutter fallback: failed to get trees: no Flutter VM service found
08:07:58.113567 [DEBUG] Flutter fallback: failed to get trees: no Flutter VM service found
08:07:58.132872 [DEBUG] Flutter fallback: failed to get trees: no Flutter VM service found
08:07:58.153554 [DEBUG] Flutter fallback: failed to get trees: no Flutter VM service found
08:07:58.221767 [DEBUG] Flutter fallback: failed to get trees: no Flutter VM service found
08:07:58.250945 [DEBUG] Flutter fallback: failed to get trees: no Flutter VM service found
08:07:58.280449 [DEBUG] Flutter fallback: failed to get trees: no Flutter VM service found
08:07:58.302392 [DEBUG] Flutter fallback: failed to get trees: no Flutter VM service found
08:07:58.317765 [DEBUG] Flutter fallback: failed to get trees: no Flutter VM service found
08:07:58.339552 [DEBUG] Flutter fallback: failed to get trees: no Flutter VM service found
08:07:58.365651 [DEBUG] Flutter fallback: failed to get trees: no Flutter VM service found
08:07:58.389765 [DEBUG] Flutter fallback: failed to get trees: no Flutter VM service found
08:07:58.402164 [DEBUG] Flutter fallback: failed to get trees: no Flutter VM service found
08:07:58.414313 [DEBUG] Flutter fallback: failed to get trees: no Flutter VM service found
08:07:58.427948 [DEBUG] Flutter fallback: failed to get trees: no Flutter VM service found
08:07:58.442826 [DEBUG] Flutter fallback: failed to get trees: no Flutter VM service found
08:07:58.458462 [DEBUG] Flutter fallback: failed to get trees: no Flutter VM service found
08:07:58.477280 [DEBUG] Flutter fallback: failed to get trees: no Flutter VM service found
08:07:58.505452 [DEBUG] Flutter fallback: failed to get trees: no Flutter VM service found
08:07:58.519945 [DEBUG] Flutter fallback: failed to get trees: no Flutter VM service found
08:07:58.537786 [DEBUG] Flutter fallback: failed to get trees: no Flutter VM service found
08:07:58.557900 [DEBUG] Flutter fallback: failed to get trees: no Flutter VM service found
08:07:58.593748 [DEBUG] Flutter fallback: failed to get trees: no Flutter VM service found
08:07:58.611361 [DEBUG] Flutter fallback: failed to get trees: no Flutter VM service found
08:07:58.627991 [DEBUG] Flutter fallback: failed to get trees: no Flutter VM service found
08:07:58.645280 [DEBUG] Flutter fallback: failed to get trees: no Flutter VM service found
08:07:58.665754 [DEBUG] Flutter fallback: failed to get trees: no Flutter VM service found
08:07:58.695595 [DEBUG] Flutter fallback: failed to get trees: no Flutter VM service found
08:07:58.709999 [DEBUG] Flutter fallback: failed to get trees: no Flutter VM service found
08:07:58.735071 [DEBUG] Flutter fallback: failed to get trees: no Flutter VM service found
08:07:58.747620 [DEBUG] Flutter fallback: failed to get trees: no Flutter VM service found
08:07:58.779187 [DEBUG] Flutter fallback: failed to get trees: no Flutter VM service found
08:07:58.795998 [DEBUG] Flutter fallback: failed to get trees: no Flutter VM service found
08:07:58.807198 [DEBUG] Flutter fallback: failed to get trees: no Flutter VM service found
08:07:58.836772 [DEBUG] Flutter fallback: failed to get trees: no Flutter VM service found
08:07:58.861316 [DEBUG] Flutter fallback: failed to get trees: no Flutter VM service found
08:07:58.879998 [DEBUG] Flutter fallback: failed to get trees: no Flutter VM service found
08:07:58.895144 [DEBUG] Flutter fallback: failed to get trees: no Flutter VM service found
08:07:58.911870 [DEBUG] Flutter fallback: failed to get trees: no Flutter VM service found
08:07:58.945558 [DEBUG] Flutter fallback: failed to get trees: no Flutter VM service found
08:07:58.959841 [DEBUG] Flutter fallback: failed to get trees: no Flutter VM service found
08:07:58.981031 [DEBUG] Flutter fallback: failed to get trees: no Flutter VM service found
08:07:58.992325 [DEBUG] Flutter fallback: failed to get trees: no Flutter VM service found
08:07:59.010968 [DEBUG] Flutter fallback: failed to get trees: no Flutter VM service found
08:07:59.022620 [DEBUG] Flutter fallback: failed to get trees: no Flutter VM service found
08:07:59.046943 [DEBUG] Flutter fallback: failed to get trees: no Flutter VM service found
08:07:59.066166 [DEBUG] Flutter fallback: failed to get trees: no Flutter VM service found
08:07:59.083010 [DEBUG] Flutter fallback: failed to get trees: no Flutter VM service found
08:07:59.104884 [DEBUG] Flutter fallback: failed to get trees: no Flutter VM service found
08:07:59.122554 [DEBUG] Flutter fallback: failed to get trees: no Flutter VM service found
08:07:59.138709 [DEBUG] Flutter fallback: failed to get trees: no Flutter VM service found
08:07:59.154204 [DEBUG] Flutter fallback: failed to get trees: no Flutter VM service found
08:07:59.170298 [DEBUG] Flutter fallback: failed to get trees: no Flutter VM service found
08:07:59.189003 [DEBUG] Flutter fallback: failed to get trees: no Flutter VM service found
08:07:59.203568 [DEBUG] Flutter fallback: failed to get trees: no Flutter VM service found
08:07:59.215754 [DEBUG] Flutter fallback: failed to get trees: no Flutter VM service found
08:07:59.252066 [DEBUG] Flutter fallback: failed to get trees: no Flutter VM service found
08:07:59.269530 [DEBUG] Flutter fallback: failed to get trees: no Flutter VM service found
08:07:59.299895 [DEBUG] Flutter fallback: failed to get trees: no Flutter VM service found
08:07:59.313640 [DEBUG] Flutter fallback: failed to get trees: no Flutter VM service found
08:07:59.337018 [DEBUG] Flutter fallback: failed to get trees: no Flutter VM service found
08:07:59.351837 [DEBUG] Flutter fallback: failed to get trees: no Flutter VM service found
08:07:59.392551 [DEBUG] Flutter fallback: failed to get trees: no Flutter VM service found
08:07:59.437054 [DEBUG] Flutter fallback: failed to get trees: no Flutter VM service found
08:07:59.461952 [DEBUG] Flutter fallback: failed to get trees: no Flutter VM service found
08:07:59.475759 [DEBUG] Flutter fallback: failed to get trees: no Flutter VM service found
08:07:59.501084 [DEBUG] Flutter fallback: failed to get trees: no Flutter VM service found
08:07:59.534526 [DEBUG] Flutter fallback: failed to get trees: no Flutter VM service found
08:07:59.549275 [DEBUG] Flutter fallback: failed to get trees: no Flutter VM service found
08:07:59.578313 [DEBUG] Flutter fallback: failed to get trees: no Flutter VM service found
08:07:59.606915 [DEBUG] Flutter fallback: failed to get trees: no Flutter VM service found
08:07:59.645306 [DEBUG] Flutter fallback: failed to get trees: no Flutter VM service found
08:07:59.667448 [DEBUG] Flutter fallback: failed to get trees: no Flutter VM service found
08:07:59.693442 [DEBUG] Flutter fallback: failed to get trees: no Flutter VM service found
08:07:59.708115 [DEBUG] Flutter fallback: failed to get trees: no Flutter VM service found
08:07:59.726408 [DEBUG] Flutter fallback: failed to get trees: no Flutter VM service found
08:07:59.761676 [DEBUG] Flutter fallback: failed to get trees: no Flutter VM service found
08:07:59.772762 [DEBUG] Flutter fallback: failed to get trees: no Flutter VM service found
08:07:59.785600 [DEBUG] Flutter fallback: failed to get trees: no Flutter VM service found
08:07:59.800280 [DEBUG] Flutter fallback: failed to get trees: no Flutter VM service found
08:07:59.814178 [DEBUG] Flutter fallback: failed to get trees: no Flutter VM service found
08:07:59.824993 [DEBUG] Flutter fallback: failed to get trees: no Flutter VM service found
08:07:59.855146 [DEBUG] Flutter fallback: failed to get trees: no Flutter VM service found
08:07:59.870894 [DEBUG] Flutter fallback: failed to get trees: no Flutter VM service found
08:07:59.886384 [DEBUG] Flutter fallback: failed to get trees: no Flutter VM service found
08:07:59.908312 [DEBUG] Flutter fallback: failed to get trees: no Flutter VM service found
08:07:59.938508 [DEBUG] Flutter fallback: failed to get trees: no Flutter VM service found
08:07:59.960564 [DEBUG] Flutter fallback: failed to get trees: no Flutter VM service found
08:07:59.976303 [DEBUG] Flutter fallback: failed to get trees: no Flutter VM service found
08:07:59.991397 [DEBUG] Flutter fallback: failed to get trees: no Flutter VM service found
08:08:00.006366 [DEBUG] Flutter fallback: failed to get trees: no Flutter VM service found
08:08:00.019916 [DEBUG] Flutter fallback: failed to get trees: no Flutter VM service found
08:08:00.032670 [DEBUG] Flutter fallback: failed to get trees: no Flutter VM service found
08:08:00.047366 [DEBUG] Flutter fallback: failed to get trees: no Flutter VM service found
08:08:00.067345 [DEBUG] Flutter fallback: failed to get trees: no Flutter VM service found
08:08:00.094076 [DEBUG] Flutter fallback: failed to get trees: no Flutter VM service found
08:08:00.113811 [DEBUG] Flutter fallback: failed to get trees: no Flutter VM service found
08:08:00.130284 [DEBUG] Flutter fallback: failed to get trees: no Flutter VM service found
08:08:00.166903 [DEBUG] Flutter fallback: failed to get trees: no Flutter VM service found
08:08:00.179834 [DEBUG] Flutter fallback: failed to get trees: no Flutter VM service found
08:08:00.191495 [DEBUG] Flutter fallback: failed to get trees: no Flutter VM service found
08:08:00.202737 [DEBUG] Flutter fallback: failed to get trees: no Flutter VM service found
08:08:00.213426 [DEBUG] Flutter fallback: failed to get trees: no Flutter VM service found
08:08:00.230949 [DEBUG] Flutter fallback: failed to get trees: no Flutter VM service found
08:08:00.261193 [DEBUG] Flutter fallback: failed to get trees: no Flutter VM service found
08:08:00.274916 [DEBUG] Flutter fallback: failed to get trees: no Flutter VM service found
08:08:00.287865 [DEBUG] Flutter fallback: failed to get trees: no Flutter VM service found
08:08:00.299348 [DEBUG] Flutter fallback: failed to get trees: no Flutter VM service found
08:08:00.311173 [DEBUG] Flutter fallback: failed to get trees: no Flutter VM service found
08:08:00.333549 [DEBUG] Flutter fallback: failed to get trees: no Flutter VM service found
08:08:00.366569 [DEBUG] Flutter fallback: failed to get trees: no Flutter VM service found
08:08:00.384550 [DEBUG] Flutter fallback: failed to get trees: no Flutter VM service found
08:08:00.397286 [DEBUG] Flutter fallback: failed to get trees: no Flutter VM service found
08:08:00.438060 [DEBUG] Flutter fallback: failed to get trees: no Flutter VM service found
08:08:00.453342 [DEBUG] Flutter fallback: failed to get trees: no Flutter VM service found
08:08:00.489621 [DEBUG] Flutter fallback: failed to get trees: no Flutter VM service found
08:08:00.504333 [DEBUG] Flutter fallback: failed to get trees: no Flutter VM service found
08:08:00.516919 [DEBUG] Flutter fallback: failed to get trees: no Flutter VM service found
08:08:00.529431 [DEBUG] Flutter fallback: failed to get trees: no Flutter VM service found
08:08:00.541954 [DEBUG] Flutter fallback: failed to get trees: no Flutter VM service found
08:08:00.556178 [DEBUG] Flutter fallback: failed to get trees: no Flutter VM service found
08:08:00.566867 [DEBUG] Flutter fallback: failed to get trees: no Flutter VM service found
08:08:00.595556 [DEBUG] Flutter fallback: failed to get trees: no Flutter VM service found
08:08:00.612290 [DEBUG] Flutter fallback: failed to get trees: no Flutter VM service found
08:08:00.624110 [DEBUG] Flutter fallback: failed to get trees: no Flutter VM service found
08:08:00.638237 [DEBUG] Flutter fallback: failed to get trees: no Flutter VM service found
08:08:00.677017 [DEBUG] Flutter fallback: failed to get trees: no Flutter VM service found
08:08:00.713068 [DEBUG] Flutter fallback: failed to get trees: no Flutter VM service found
08:08:00.743878 [DEBUG] Flutter fallback: failed to get trees: no Flutter VM service found
08:08:00.787906 [DEBUG] Flutter fallback: failed to get trees: no Flutter VM service found
08:08:00.803984 [DEBUG] Flutter fallback: failed to get trees: no Flutter VM service found
08:08:00.821615 [DEBUG] Flutter fallback: failed to get trees: no Flutter VM service found
08:08:00.836054 [DEBUG] Flutter fallback: failed to get trees: no Flutter VM service found
08:08:00.855023 [DEBUG] Flutter fallback: failed to get trees: no Flutter VM service found
08:08:00.876422 [DEBUG] Flutter fallback: failed to get trees: no Flutter VM service found
08:08:00.894708 [DEBUG] Flutter fallback: failed to get trees: no Flutter VM service found
08:08:00.913231 [DEBUG] Flutter fallback: failed to get trees: no Flutter VM service found
08:08:00.959557 [DEBUG] Flutter fallback: failed to get trees: no Flutter VM service found
08:08:00.980121 [DEBUG] Flutter fallback: failed to get trees: no Flutter VM service found
08:08:00.998500 [DEBUG] Flutter fallback: failed to get trees: no Flutter VM service found
08:08:01.021680 [DEBUG] Flutter fallback: failed to get trees: no Flutter VM service found
08:08:01.038719 [DEBUG] Flutter fallback: failed to get trees: no Flutter VM service found
08:08:01.077313 [DEBUG] Flutter fallback: failed to get trees: no Flutter VM service found
08:08:01.100270 [DEBUG] Flutter fallback: failed to get trees: no Flutter VM service found
08:08:01.122642 [DEBUG] Flutter fallback: failed to get trees: no Flutter VM service found
08:08:01.141032 [DEBUG] Flutter fallback: failed to get trees: no Flutter VM service found
08:08:01.158536 [DEBUG] Flutter fallback: failed to get trees: no Flutter VM service found
08:08:01.200608 [DEBUG] Flutter fallback: failed to get trees: no Flutter VM service found
08:08:01.224189 [DEBUG] Flutter fallback: failed to get trees: no Flutter VM service found
08:08:01.250627 [DEBUG] Flutter fallback: failed to get trees: no Flutter VM service found
08:08:01.273111 [DEBUG] Flutter fallback: failed to get trees: no Flutter VM service found
08:08:01.307193 [DEBUG] Flutter fallback: failed to get trees: no Flutter VM service found
08:08:01.327544 [DEBUG] Flutter fallback: failed to get trees: no Flutter VM service found
08:08:01.356270 [DEBUG] Flutter fallback: failed to get trees: no Flutter VM service found
08:08:01.378674 [DEBUG] Flutter fallback: failed to get trees: no Flutter VM service found
08:08:01.398636 [DEBUG] Flutter fallback: failed to get trees: no Flutter VM service found
08:08:01.418592 [DEBUG] Flutter fallback: failed to get trees: no Flutter VM service found
08:08:01.453350 [DEBUG] Flutter fallback: failed to get trees: no Flutter VM service found
08:08:01.500263 [DEBUG] Flutter fallback: failed to get trees: no Flutter VM service found
08:08:01.521184 [DEBUG] Flutter fallback: failed to get trees: no Flutter VM service found
08:08:01.537745 [DEBUG] Flutter fallback: failed to get trees: no Flutter VM service found
08:08:01.592269 [DEBUG] Flutter fallback: failed to get trees: no Flutter VM service found
08:08:01.609685 [DEBUG] Flutter fallback: failed to get trees: no Flutter VM service found
08:08:01.636599 [DEBUG] Flutter fallback: failed to get trees: no Flutter VM service found
08:08:01.675720 [DEBUG] Flutter fallback: failed to get trees: no Flutter VM service found
08:08:01.696425 [DEBUG] Flutter fallback: failed to get trees: no Flutter VM service found
08:08:01.730377 [DEBUG] Flutter fallback: failed to get trees: no Flutter VM service found
08:08:01.749748 [DEBUG] Flutter fallback: failed to get trees: no Flutter VM service found
08:08:01.767268 [DEBUG] Flutter fallback: failed to get trees: no Flutter VM service found
08:08:01.781601 [DEBUG] Flutter fallback: failed to get trees: no Flutter VM service found
08:08:01.803809 [DEBUG] Flutter fallback: failed to get trees: no Flutter VM service found
08:08:01.832620 [DEBUG] Flutter fallback: failed to get trees: no Flutter VM service found
08:08:01.854154 [DEBUG] Flutter fallback: failed to get trees: no Flutter VM service found
08:08:01.888565 [DEBUG] Flutter fallback: failed to get trees: no Flutter VM service found
08:08:01.907129 [DEBUG] Flutter fallback: failed to get trees: no Flutter VM service found
08:08:01.925603 [DEBUG] Flutter fallback: failed to get trees: no Flutter VM service found
08:08:01.945553 [DEBUG] Flutter fallback: failed to get trees: no Flutter VM service found
08:08:01.970148 [DEBUG] Flutter fallback: failed to get trees: no Flutter VM service found
08:08:01.992662 [DEBUG] Flutter fallback: failed to get trees: no Flutter VM service found
08:08:02.016546 [DEBUG] Flutter fallback: failed to get trees: no Flutter VM service found
08:08:02.044954 [DEBUG] Flutter fallback: failed to get trees: no Flutter VM service found
08:08:02.085190 [DEBUG] Flutter fallback: failed to get trees: no Flutter VM service found
08:08:02.120862 [DEBUG] Flutter fallback: failed to get trees: no Flutter VM service found
08:08:02.148609 [DEBUG] Flutter fallback: failed to get trees: no Flutter VM service found
08:08:02.214008 [DEBUG] Flutter fallback: failed to get trees: no Flutter VM service found
08:08:02.235442 [DEBUG] Flutter fallback: failed to get trees: no Flutter VM service found
08:08:02.260531 [DEBUG] Flutter fallback: failed to get trees: no Flutter VM service found
08:08:02.272299 [DEBUG] Flutter fallback: failed to get trees: no Flutter VM service found
08:08:02.290080 [DEBUG] Flutter fallback: failed to get trees: no Flutter VM service found
08:08:02.306680 [DEBUG] Flutter fallback: failed to get trees: no Flutter VM service found
08:08:02.319683 [DEBUG] Flutter fallback: failed to get trees: no Flutter VM service found
08:08:02.333622 [DEBUG] Flutter fallback: failed to get trees: no Flutter VM service found
08:08:02.347169 [DEBUG] Flutter fallback: failed to get trees: no Flutter VM service found
08:08:02.360975 [DEBUG] Flutter fallback: failed to get trees: no Flutter VM service found
08:08:02.374602 [DEBUG] Flutter fallback: failed to get trees: no Flutter VM service found
08:08:02.390078 [DEBUG] Flutter fallback: failed to get trees: no Flutter VM service found
08:08:02.402945 [DEBUG] Flutter fallback: failed to get trees: no Flutter VM service found
08:08:02.430616 [DEBUG] Flutter fallback: failed to get trees: no Flutter VM service found
08:08:02.462668 [DEBUG] Flutter fallback: failed to get trees: no Flutter VM service found
08:08:02.480845 [DEBUG] Flutter fallback: failed to get trees: no Flutter VM service found
08:08:02.497331 [DEBUG] Flutter fallback: failed to get trees: no Flutter VM service found
08:08:02.514934 [DEBUG] Flutter fallback: failed to get trees: no Flutter VM service found
08:08:02.538265 [DEBUG] Flutter fallback: failed to get trees: no Flutter VM service found
08:08:02.552036 [DEBUG] Flutter fallback: failed to get trees: no Flutter VM service found
08:08:02.566933 [DEBUG] Flutter fallback: failed to get trees: no Flutter VM service found
08:08:02.581100 [DEBUG] Flutter fallback: failed to get trees: no Flutter VM service found
08:08:02.602103 [DEBUG] Flutter fallback: failed to get trees: no Flutter VM service found
08:08:02.617748 [DEBUG] Flutter fallback: failed to get trees: no Flutter VM service found
08:08:02.644230 [DEBUG] Flutter fallback: failed to get trees: no Flutter VM service found
08:08:02.666247 [DEBUG] Flutter fallback: failed to get trees: no Flutter VM service found
08:08:02.691590 [DEBUG] Flutter fallback: failed to get trees: no Flutter VM service found
08:08:02.709510 [DEBUG] Flutter fallback: failed to get trees: no Flutter VM service found
08:08:02.732254 [DEBUG] Flutter fallback: failed to get trees: no Flutter VM service found
08:08:02.749325 [DEBUG] Flutter fallback: failed to get trees: no Flutter VM service found
08:08:02.776849 [DEBUG] Flutter fallback: failed to get trees: no Flutter VM service found
08:08:02.790668 [DEBUG] Flutter fallback: failed to get trees: no Flutter VM service found
08:08:02.802744 [DEBUG] Flutter fallback: failed to get trees: no Flutter VM service found
08:08:02.814870 [DEBUG] Flutter fallback: failed to get trees: no Flutter VM service found
08:08:02.828412 [DEBUG] Flutter fallback: failed to get trees: no Flutter VM service found
08:08:02.841001 [DEBUG] Flutter fallback: failed to get trees: no Flutter VM service found
08:08:02.852928 [DEBUG] Flutter fallback: failed to get trees: no Flutter VM service found
08:08:02.864540 [DEBUG] Flutter fallback: failed to get trees: no Flutter VM service found
08:08:02.876752 [DEBUG] Flutter fallback: failed to get trees: no Flutter VM service found
08:08:02.887790 [DEBUG] Flutter fallback: failed to get trees: no Flutter VM service found
08:08:02.899875 [DEBUG] Flutter fallback: failed to get trees: no Flutter VM service found
08:08:02.920995 [DEBUG] Flutter fallback: failed to get trees: no Flutter VM service found
08:08:02.938757 [DEBUG] Flutter fallback: failed to get trees: no Flutter VM service found
08:08:02.955297 [DEBUG] Flutter fallback: failed to get trees: no Flutter VM service found
08:08:02.972051 [DEBUG] Flutter fallback: failed to get trees: no Flutter VM service found
08:08:02.988540 [DEBUG] Flutter fallback: failed to get trees: no Flutter VM service found
08:08:03.005979 [DEBUG] Flutter fallback: failed to get trees: no Flutter VM service found
08:08:03.026107 [DEBUG] Flutter fallback: failed to get trees: no Flutter VM service found
08:08:03.046270 [DEBUG] Flutter fallback: failed to get trees: no Flutter VM service found
08:08:03.066979 [DEBUG] Flutter fallback: failed to get trees: no Flutter VM service found
08:08:03.085070 [DEBUG] Flutter fallback: failed to get trees: no Flutter VM service found
08:08:03.104879 [DEBUG] Flutter fallback: failed to get trees: no Flutter VM service found
08:08:03.125122 [DEBUG] Flutter fallback: failed to get trees: no Flutter VM service found
08:08:03.158243 [DEBUG] Flutter fallback: failed to get trees: no Flutter VM service found
08:08:03.176230 [DEBUG] Flutter fallback: failed to get trees: no Flutter VM service found
08:08:03.194795 [DEBUG] Flutter fallback: failed to get trees: no Flutter VM service found
08:08:03.210708 [DEBUG] Flutter fallback: failed to get trees: no Flutter VM service found
08:08:03.229460 [DEBUG] Flutter fallback: failed to get trees: no Flutter VM service found
08:08:03.247906 [DEBUG] Flutter fallback: failed to get trees: no Flutter VM service found
08:08:03.294654 [DEBUG] Flutter fallback: failed to get trees: no Flutter VM service found
08:08:03.315355 [DEBUG] Flutter fallback: failed to get trees: no Flutter VM service found
08:08:03.335863 [DEBUG] Flutter fallback: failed to get trees: no Flutter VM service found
08:08:03.372373 [DEBUG] Flutter fallback: failed to get trees: no Flutter VM service found
08:08:03.387308 [DEBUG] Flutter fallback: failed to get trees: no Flutter VM service found
08:08:03.412985 [DEBUG] Flutter fallback: failed to get trees: no Flutter VM service found
08:08:03.439660 [DEBUG] Flutter fallback: failed to get trees: no Flutter VM service found
08:08:03.465552 [DEBUG] Flutter fallback: failed to get trees: no Flutter VM service found
08:08:03.483208 [DEBUG] Flutter fallback: failed to get trees: no Flutter VM service found
08:08:03.498034 [DEBUG] Flutter fallback: failed to get trees: no Flutter VM service found
08:08:03.514986 [DEBUG] Flutter fallback: failed to get trees: no Flutter VM service found
08:08:03.531143 [DEBUG] Flutter fallback: failed to get trees: no Flutter VM service found
08:08:03.551535 [DEBUG] Flutter fallback: failed to get trees: no Flutter VM service found
08:08:03.590114 [DEBUG] Flutter fallback: failed to get trees: no Flutter VM service found
08:08:03.611072 [DEBUG] Flutter fallback: failed to get trees: no Flutter VM service found
08:08:03.639294 [DEBUG] Flutter fallback: failed to get trees: no Flutter VM service found
08:08:03.656497 [DEBUG] Flutter fallback: failed to get trees: no Flutter VM service found
08:08:03.674988 [DEBUG] Flutter fallback: failed to get trees: no Flutter VM service found
08:08:03.688212 [DEBUG] Flutter fallback: failed to get trees: no Flutter VM service found
08:08:03.702997 [DEBUG] Flutter fallback: failed to get trees: no Flutter VM service found
08:08:03.719728 [DEBUG] Flutter fallback: failed to get trees: no Flutter VM service found
08:08:03.735855 [DEBUG] Flutter fallback: failed to get trees: no Flutter VM service found
08:08:03.758993 [DEBUG] Flutter fallback: failed to get trees: no Flutter VM service found
08:08:03.778071 [DEBUG] Flutter fallback: failed to get trees: no Flutter VM service found
08:08:03.795228 [DEBUG] Flutter fallback: failed to get trees: no Flutter VM service found
08:08:03.815022 [DEBUG] Flutter fallback: failed to get trees: no Flutter VM service found
08:08:03.828639 [DEBUG] Flutter fallback: failed to get trees: no Flutter VM service found
08:08:03.847419 [DEBUG] Flutter fallback: failed to get trees: no Flutter VM service found
08:08:03.866909 [DEBUG] Flutter fallback: failed to get trees: no Flutter VM service found
08:08:03.887313 [DEBUG] Flutter fallback: failed to get trees: no Flutter VM service found
08:08:03.902237 [DEBUG] Flutter fallback: failed to get trees: no Flutter VM service found
08:08:03.916957 [DEBUG] Flutter fallback: failed to get trees: no Flutter VM service found
08:08:03.941340 [DEBUG] Flutter fallback: failed to get trees: no Flutter VM service found
08:08:03.957081 [DEBUG] Flutter fallback: failed to get trees: no Flutter VM service found
08:08:03.989732 [DEBUG] Flutter fallback: failed to get trees: no Flutter VM service found
08:08:04.006164 [DEBUG] Flutter fallback: failed to get trees: no Flutter VM service found
08:08:04.022287 [DEBUG] Flutter fallback: failed to get trees: no Flutter VM service found
08:08:04.037321 [DEBUG] Flutter fallback: failed to get trees: no Flutter VM service found
08:08:04.051152 [DEBUG] Flutter fallback: failed to get trees: no Flutter VM service found
08:08:04.071453 [DEBUG] Flutter fallback: failed to get trees: no Flutter VM service found
08:08:04.106249 [DEBUG] Flutter fallback: failed to get trees: no Flutter VM service found
08:08:04.126810 [DEBUG] Flutter fallback: failed to get trees: no Flutter VM service found
08:08:04.140601 [DEBUG] Flutter fallback: failed to get trees: no Flutter VM service found
08:08:04.157200 [DEBUG] Flutter fallback: failed to get trees: no Flutter VM service found
08:08:04.175290 [DEBUG] Flutter fallback: failed to get trees: no Flutter VM service found
08:08:04.202065 [DEBUG] Flutter fallback: failed to get trees: no Flutter VM service found
08:08:04.221547 [DEBUG] Flutter fallback: failed to get trees: no Flutter VM service found
08:08:04.235790 [DEBUG] Flutter fallback: failed to get trees: no Flutter VM service found
08:08:04.258199 [DEBUG] Flutter fallback: failed to get trees: no Flutter VM service found
08:08:04.284907 [DEBUG] Flutter fallback: failed to get trees: no Flutter VM service found
08:08:04.303100 [DEBUG] Flutter fallback: failed to get trees: no Flutter VM service found
08:08:04.320192 [DEBUG] Flutter fallback: failed to get trees: no Flutter VM service found
08:08:04.358439 [DEBUG] Flutter fallback: failed to get trees: no Flutter VM service found
08:08:04.376883 [DEBUG] Flutter fallback: failed to get trees: no Flutter VM service found
08:08:04.392286 [DEBUG] Flutter fallback: failed to get trees: no Flutter VM service found
08:08:04.406442 [DEBUG] Flutter fallback: failed to get trees: no Flutter VM service found
08:08:04.426859 [DEBUG] Flutter fallback: failed to get trees: no Flutter VM service found
08:08:04.453474 [DEBUG] Flutter fallback: failed to get trees: no Flutter VM service found
08:08:04.471319 [DEBUG] Flutter fallback: failed to get trees: no Flutter VM service found
08:08:04.490962 [DEBUG] Flutter fallback: failed to get trees: no Flutter VM service found
08:08:04.517034 [DEBUG] Flutter fallback: failed to get trees: no Flutter VM service found
08:08:04.580047 [DEBUG] Flutter fallback: failed to get trees: no Flutter VM service found
08:08:04.608257 [DEBUG] Flutter fallback: failed to get trees: no Flutter VM service found
08:08:04.635154 [DEBUG] Flutter fallback: failed to get trees: no Flutter VM service found
08:08:04.655312 [DEBUG] Flutter fallback: failed to get trees: no Flutter VM service found
08:08:04.675085 [DEBUG] Flutter fallback: failed to get trees: no Flutter VM service found
08:08:04.699590 [DEBUG] Flutter fallback: failed to get trees: no Flutter VM service found
08:08:04.727781 [DEBUG] Flutter fallback: failed to get trees: no Flutter VM service found
08:08:04.754250 [DEBUG] Flutter fallback: failed to get trees: no Flutter VM service found
08:08:04.776768 [DEBUG] Flutter fallback: failed to get trees: no Flutter VM service found
08:08:04.815037 [DEBUG] Flutter fallback: failed to get trees: no Flutter VM service found
08:08:04.848843 [DEBUG] Flutter fallback: failed to get trees: no Flutter VM service found
08:08:04.879395 [DEBUG] Flutter fallback: failed to get trees: no Flutter VM service found
08:08:04.894938 [DEBUG] Flutter fallback: failed to get trees: no Flutter VM service found
08:08:04.908201 [DEBUG] Flutter fallback: failed to get trees: no Flutter VM service found
08:08:04.934740 [DEBUG] Flutter fallback: failed to get trees: no Flutter VM service found
08:08:04.952241 [DEBUG] Flutter fallback: failed to get trees: no Flutter VM service found
08:08:04.964173 [DEBUG] Flutter fallback: failed to get trees: no Flutter VM service found
08:08:04.976749 [DEBUG] Flutter fallback: failed to get trees: no Flutter VM service found
08:08:04.993250 [DEBUG] Flutter fallback: failed to get trees: no Flutter VM service found
08:08:05.006370 [DEBUG] Flutter fallback: failed to get trees: no Flutter VM service found
08:08:05.021348 [DEBUG] Flutter fallback: failed to get trees: no Flutter VM service found
08:08:05.033182 [DEBUG] Flutter fallback: failed to get trees: no Flutter VM service found
08:08:05.045388 [DEBUG] Flutter fallback: failed to get trees: no Flutter VM service found
08:08:05.057701 [DEBUG] Flutter fallback: failed to get trees: no Flutter VM service found
08:08:05.069591 [DEBUG] Flutter fallback: failed to get trees: no Flutter VM service found
08:08:05.104605 [DEBUG] Flutter fallback: failed to get trees: no Flutter VM service found
08:08:05.122222 [DEBUG] Flutter fallback: failed to get trees: no Flutter VM service found
08:08:05.137892 [DEBUG] Flutter fallback: failed to get trees: no Flutter VM service found
08:08:05.168072 [DEBUG] Flutter fallback: failed to get trees: no Flutter VM service found
08:08:05.211595 [DEBUG] Flutter fallback: failed to get trees: no Flutter VM service found
08:08:05.228510 [DEBUG] Flutter fallback: failed to get trees: no Flutter VM service found
08:08:05.242336 [DEBUG] Flutter fallback: failed to get trees: no Flutter VM service found
08:08:05.260484 [DEBUG] Flutter fallback: failed to get trees: no Flutter VM service found
08:08:05.275284 [DEBUG] Flutter fallback: failed to get trees: no Flutter VM service found
08:08:05.292102 [DEBUG] Flutter fallback: failed to get trees: no Flutter VM service found
08:08:05.310042 [DEBUG] Flutter fallback: failed to get trees: no Flutter VM service found
08:08:05.337018 [DEBUG] Flutter fallback: failed to get trees: no Flutter VM service found
08:08:05.359376 [DEBUG] Flutter fallback: failed to get trees: no Flutter VM service found
08:08:05.370595 [DEBUG] Flutter fallback: failed to get trees: no Flutter VM service found
08:08:05.385579 [DEBUG] Flutter fallback: failed to get trees: no Flutter VM service found
08:08:05.405438 [DEBUG] Flutter fallback: failed to get trees: no Flutter VM service found
08:08:05.455750 [DEBUG] Flutter fallback: failed to get trees: no Flutter VM service found
08:08:05.474107 [DEBUG] Flutter fallback: failed to get trees: no Flutter VM service found
08:08:05.485508 [DEBUG] Flutter fallback: failed to get trees: no Flutter VM service found
08:08:05.497739 [DEBUG] Flutter fallback: failed to get trees: no Flutter VM service found
08:08:05.509174 [DEBUG] Flutter fallback: failed to get trees: no Flutter VM service found
08:08:05.520568 [DEBUG] Flutter fallback: failed to get trees: no Flutter VM service found
08:08:05.531964 [DEBUG] Flutter fallback: failed to get trees: no Flutter VM service found
08:08:05.554273 [DEBUG] Flutter fallback: failed to get trees: no Flutter VM service found
08:08:05.587409 [DEBUG] Flutter fallback: failed to get trees: no Flutter VM service found
08:08:05.602873 [DEBUG] Flutter fallback: failed to get trees: no Flutter VM service found
08:08:05.627742 [DEBUG] Flutter fallback: failed to get trees: no Flutter VM service found
08:08:05.638268 [DEBUG] Flutter fallback: failed to get trees: no Flutter VM service found
08:08:05.648956 [DEBUG] Flutter fallback: failed to get trees: no Flutter VM service found
08:08:05.660500 [DEBUG] Flutter fallback: failed to get trees: no Flutter VM service found
08:08:05.671871 [DEBUG] Flutter fallback: failed to get trees: no Flutter VM service found
08:08:05.683500 [DEBUG] Flutter fallback: failed to get trees: no Flutter VM service found
08:08:05.694609 [DEBUG] Flutter fallback: failed to get trees: no Flutter VM service found
08:08:05.716295 [DEBUG] Flutter fallback: failed to get trees: no Flutter VM service found
08:08:05.728198 [DEBUG] Flutter fallback: failed to get trees: no Flutter VM service found
08:08:05.742636 [DEBUG] Flutter fallback: failed to get trees: no Flutter VM service found
08:08:05.755453 [DEBUG] Flutter fallback: failed to get trees: no Flutter VM service found
08:08:05.765894 [DEBUG] Flutter fallback: failed to get trees: no Flutter VM service found
08:08:05.776733 [DEBUG] Flutter fallback: failed to get trees: no Flutter VM service found
08:08:05.788048 [DEBUG] Flutter fallback: failed to get trees: no Flutter VM service found
08:08:05.817453 [DEBUG] Flutter fallback: failed to get trees: no Flutter VM service found
08:08:05.834433 [DEBUG] Flutter fallback: failed to get trees: no Flutter VM service found
08:08:05.854183 [DEBUG] Flutter fallback: failed to get trees: no Flutter VM service found
08:08:05.871269 [DEBUG] Flutter fallback: failed to get trees: no Flutter VM service found
08:08:05.890151 [DEBUG] Flutter fallback: failed to get trees: no Flutter VM service found
08:08:05.908001 [DEBUG] Flutter fallback: failed to get trees: no Flutter VM service found
08:08:05.943636 [DEBUG] Flutter fallback: failed to get trees: no Flutter VM service found
08:08:05.958525 [DEBUG] Flutter fallback: failed to get trees: no Flutter VM service found
08:08:05.976295 [DEBUG] Flutter fallback: failed to get trees: no Flutter VM service found
08:08:05.991959 [DEBUG] Flutter fallback: failed to get trees: no Flutter VM service found
08:08:06.009459 [DEBUG] Flutter fallback: failed to get trees: no Flutter VM service found
08:08:06.021759 [DEBUG] Flutter fallback: failed to get trees: no Flutter VM service found
08:08:06.051994 [DEBUG] Flutter fallback: failed to get trees: no Flutter VM service found
08:08:06.086018 [DEBUG] Flutter fallback: failed to get trees: no Flutter VM service found
08:08:06.103766 [DEBUG] Flutter fallback: failed to get trees: no Flutter VM service found
08:08:06.118979 [DEBUG] Flutter fallback: failed to get trees: no Flutter VM service found
08:08:06.137270 [DEBUG] Flutter fallback: failed to get trees: no Flutter VM service found
08:08:06.153859 [DEBUG] Flutter fallback: failed to get trees: no Flutter VM service found
08:08:06.169568 [DEBUG] Flutter fallback: failed to get trees: no Flutter VM service found
08:08:06.198619 [DEBUG] Flutter fallback: failed to get trees: no Flutter VM service found
08:08:06.217070 [DEBUG] Flutter fallback: failed to get trees: no Flutter VM service found
08:08:06.230130 [DEBUG] Flutter fallback: failed to get trees: no Flutter VM service found
08:08:06.267270 [DEBUG] Flutter fallback: failed to get trees: no Flutter VM service found
08:08:06.293600 [DEBUG] Flutter fallback: failed to get trees: no Flutter VM service found
08:08:06.325215 [DEBUG] Flutter fallback: failed to get trees: no Flutter VM service found
08:08:06.337904 [DEBUG] Flutter fallback: failed to get trees: no Flutter VM service found
08:08:06.350792 [DEBUG] Flutter fallback: failed to get trees: no Flutter VM service found
08:08:06.367980 [DEBUG] Flutter fallback: failed to get trees: no Flutter VM service found
08:08:06.389803 [DEBUG] Flutter fallback: failed to get trees: no Flutter VM service found
08:08:06.404816 [DEBUG] Flutter fallback: failed to get trees: no Flutter VM service found
08:08:06.417758 [DEBUG] Flutter fallback: failed to get trees: no Flutter VM service found
08:08:06.430255 [DEBUG] Flutter fallback: failed to get trees: no Flutter VM service found
08:08:06.441818 [DEBUG] Flutter fallback: failed to get trees: no Flutter VM service found
08:08:06.459284 [DEBUG] Flutter fallback: failed to get trees: no Flutter VM service found
08:08:06.485153 [DEBUG] Flutter fallback: failed to get trees: no Flutter VM service found
08:08:06.505863 [DEBUG] Flutter fallback: failed to get trees: no Flutter VM service found
08:08:06.518568 [DEBUG] Flutter fallback: failed to get trees: no Flutter VM service found
08:08:06.530189 [DEBUG] Flutter fallback: failed to get trees: no Flutter VM service found
08:08:06.542857 [DEBUG] Flutter fallback: failed to get trees: no Flutter VM service found
08:08:06.554795 [DEBUG] Flutter fallback: failed to get trees: no Flutter VM service found
08:08:06.566266 [DEBUG] Flutter fallback: failed to get trees: no Flutter VM service found
08:08:06.576545 [DEBUG] Flutter fallback: failed to get trees: no Flutter VM service found
08:08:06.589793 [DEBUG] Flutter fallback: failed to get trees: no Flutter VM service found
08:08:06.601551 [DEBUG] Flutter fallback: failed to get trees: no Flutter VM service found
08:08:06.616546 [DEBUG] Flutter fallback: failed to get trees: no Flutter VM service found
08:08:06.633880 [DEBUG] Flutter fallback: failed to get trees: no Flutter VM service found
08:08:06.649537 [DEBUG] Flutter fallback: failed to get trees: no Flutter VM service found
08:08:06.665630 [DEBUG] Flutter fallback: failed to get trees: no Flutter VM service found
08:08:06.680334 [DEBUG] Flutter fallback: failed to get trees: no Flutter VM service found
08:08:06.696067 [DEBUG] Flutter fallback: failed to get trees: no Flutter VM service found
08:08:06.708951 [DEBUG] Flutter fallback: failed to get trees: no Flutter VM service found
08:08:06.725950 [DEBUG] Flutter fallback: failed to get trees: no Flutter VM service found
08:08:06.745561 [DEBUG] Flutter fallback: failed to get trees: no Flutter VM service found
08:08:06.764189 [DEBUG] Flutter fallback: failed to get trees: no Flutter VM service found
08:08:06.781403 [DEBUG] Flutter fallback: failed to get trees: no Flutter VM service found
08:08:06.863759 [DEBUG] Flutter fallback: failed to get trees: no Flutter VM service found
08:08:06.877382 [DEBUG] Flutter fallback: failed to get trees: no Flutter VM service found
08:08:06.912645 [DEBUG] Flutter fallback: failed to get trees: no Flutter VM service found
08:08:06.945783 [DEBUG] Flutter fallback: failed to get trees: no Flutter VM service found
08:08:06.982137 [DEBUG] Flutter fallback: failed to get trees: no Flutter VM service found
08:08:07.017871 [DEBUG] Flutter fallback: failed to get trees: no Flutter VM service found
08:08:07.033793 [DEBUG] Flutter fallback: failed to get trees: no Flutter VM service found
08:08:07.052692 [DEBUG] Flutter fallback: failed to get trees: no Flutter VM service found
08:08:07.071580 [DEBUG] Flutter fallback: failed to get trees: no Flutter VM service found
08:08:07.086081 [DEBUG] Flutter fallback: failed to get trees: no Flutter VM service found
08:08:07.102231 [DEBUG] Flutter fallback: failed to get trees: no Flutter VM service found
08:08:07.115510 [DEBUG] Flutter fallback: failed to get trees: no Flutter VM service found
08:08:07.132563 [DEBUG] Flutter fallback: failed to get trees: no Flutter VM service found
08:08:07.163934 [DEBUG] Flutter fallback: failed to get trees: no Flutter VM service found
08:08:07.180019 [DEBUG] Flutter fallback: failed to get trees: no Flutter VM service found
08:08:07.211200 [DEBUG] Flutter fallback: failed to get trees: no Flutter VM service found
08:08:07.226595 [DEBUG] Flutter fallback: failed to get trees: no Flutter VM service found
08:08:07.240569 [DEBUG] Flutter fallback: failed to get trees: no Flutter VM service found
08:08:07.255190 [DEBUG] Flutter fallback: failed to get trees: no Flutter VM service found
08:08:07.269111 [DEBUG] Flutter fallback: failed to get trees: no Flutter VM service found
08:08:07.285925 [DEBUG] Flutter fallback: failed to get trees: no Flutter VM service found
08:08:07.304796 [DEBUG] Flutter fallback: failed to get trees: no Flutter VM service found
08:08:07.317852 [DEBUG] Flutter fallback: failed to get trees: no Flutter VM service found
08:08:07.345514 [DEBUG] Flutter fallback: failed to get trees: no Flutter VM service found
08:08:07.400250 [DEBUG] Flutter fallback: failed to get trees: no Flutter VM service found
08:08:07.430598 [DEBUG] Flutter fallback: failed to get trees: no Flutter VM service found
08:08:07.477036 [DEBUG] Flutter fallback: failed to get trees: no Flutter VM service found
08:08:07.490232 [DEBUG] Flutter fallback: failed to get trees: no Flutter VM service found
08:08:07.513300 [DEBUG] Flutter fallback: failed to get trees: no Flutter VM service found
08:08:07.530241 [DEBUG] Flutter fallback: failed to get trees: no Flutter VM service found
08:08:07.545025 [DEBUG] Flutter fallback: failed to get trees: no Flutter VM service found
08:08:07.563367 [DEBUG] Flutter fallback: failed to get trees: no Flutter VM service found
08:08:07.580701 [DEBUG] Flutter fallback: failed to get trees: no Flutter VM service found
08:08:07.602508 [DEBUG] Flutter fallback: failed to get trees: no Flutter VM service found
08:08:07.629989 [DEBUG] Flutter fallback: failed to get trees: no Flutter VM service found
08:08:07.644034 [DEBUG] Flutter fallback: failed to get trees: no Flutter VM service found
08:08:07.660314 [DEBUG] Flutter fallback: failed to get trees: no Flutter VM service found
08:08:07.674820 [DEBUG] Flutter fallback: failed to get trees: no Flutter VM service found
08:08:07.688691 [DEBUG] Flutter fallback: failed to get trees: no Flutter VM service found
08:08:07.708975 [DEBUG] Flutter fallback: failed to get trees: no Flutter VM service found
08:08:07.724000 [DEBUG] Flutter fallback: failed to get trees: no Flutter VM service found
08:08:07.737105 [DEBUG] Flutter fallback: failed to get trees: no Flutter VM service found
08:08:07.755247 [DEBUG] Flutter fallback: failed to get trees: no Flutter VM service found
08:08:07.779019 [DEBUG] Flutter fallback: failed to get trees: no Flutter VM service found
08:08:07.793705 [DEBUG] Flutter fallback: failed to get trees: no Flutter VM service found
08:08:07.807947 [DEBUG] Flutter fallback: failed to get trees: no Flutter VM service found
08:08:07.820981 [DEBUG] Flutter fallback: failed to get trees: no Flutter VM service found
08:08:07.852053 [DEBUG] Flutter fallback: failed to get trees: no Flutter VM service found
08:08:07.871619 [DEBUG] Flutter fallback: failed to get trees: no Flutter VM service found
08:08:07.888304 [DEBUG] Flutter fallback: failed to get trees: no Flutter VM service found
08:08:07.907044 [DEBUG] Flutter fallback: failed to get trees: no Flutter VM service found
08:08:07.926867 [DEBUG] Flutter fallback: failed to get trees: no Flutter VM service found
08:08:07.962155 [DEBUG] Flutter fallback: failed to get trees: no Flutter VM service found
08:08:07.984144 [DEBUG] Flutter fallback: failed to get trees: no Flutter VM service found
08:08:08.015874 [DEBUG] Flutter fallback: failed to get trees: no Flutter VM service found
08:08:08.037410 [DEBUG] Flutter fallback: failed to get trees: no Flutter VM service found
08:08:08.058248 [DEBUG] Flutter fallback: failed to get trees: no Flutter VM service found
08:08:08.078755 [DEBUG] Flutter fallback: failed to get trees: no Flutter VM service found
08:08:08.098591 [DEBUG] Flutter fallback: failed to get trees: no Flutter VM service found
08:08:08.114518 [DEBUG] Flutter fallback: failed to get trees: no Flutter VM service found
08:08:08.131957 [DEBUG] Flutter fallback: failed to get trees: no Flutter VM service found
08:08:08.146937 [DEBUG] Flutter fallback: failed to get trees: no Flutter VM service found
08:08:08.162773 [DEBUG] Flutter fallback: failed to get trees: no Flutter VM service found
08:08:08.181012 [DEBUG] Flutter fallback: failed to get trees: no Flutter VM service found
08:08:08.197655 [DEBUG] Flutter fallback: failed to get trees: no Flutter VM service found
08:08:08.210972 [DEBUG] Flutter fallback: failed to get trees: no Flutter VM service found
08:08:08.229509 [DEBUG] Flutter fallback: failed to get trees: no Flutter VM service found
08:08:08.245804 [DEBUG] Flutter fallback: failed to get trees: no Flutter VM service found
08:08:08.270916 [DEBUG] Flutter fallback: failed to get trees: no Flutter VM service found
08:08:08.290241 [DEBUG] Flutter fallback: failed to get trees: no Flutter VM service found
08:08:08.309799 [DEBUG] Flutter fallback: failed to get trees: no Flutter VM service found
08:08:08.332562 [DEBUG] Flutter fallback: failed to get trees: no Flutter VM service found
08:08:08.351156 [DEBUG] Flutter fallback: failed to get trees: no Flutter VM service found
08:08:08.381242 [DEBUG] Flutter fallback: failed to get trees: no Flutter VM service found
08:08:08.402786 [DEBUG] Flutter fallback: failed to get trees: no Flutter VM service found
08:08:08.423964 [DEBUG] Flutter fallback: failed to get trees: no Flutter VM service found
08:08:08.439374 [DEBUG] Flutter fallback: failed to get trees: no Flutter VM service found
08:08:08.455824 [DEBUG] Flutter fallback: failed to get trees: no Flutter VM service found
08:08:08.471978 [DEBUG] Flutter fallback: failed to get trees: no Flutter VM service found
08:08:08.486662 [DEBUG] Flutter fallback: failed to get trees: no Flutter VM service found
08:08:08.503030 [DEBUG] Flutter fallback: failed to get trees: no Flutter VM service found
08:08:08.533948 [DEBUG] Flutter fallback: failed to get trees: no Flutter VM service found
08:08:08.551929 [DEBUG] Flutter fallback: failed to get trees: no Flutter VM service found
08:08:08.573448 [DEBUG] Flutter fallback: failed to get trees: no Flutter VM service found
08:08:08.592954 [DEBUG] Flutter fallback: failed to get trees: no Flutter VM service found
08:08:08.624568 [DEBUG] Flutter fallback: failed to get trees: no Flutter VM service found
08:08:08.653814 [DEBUG] Flutter fallback: failed to get trees: no Flutter VM service found
08:08:08.676763 [DEBUG] Flutter fallback: failed to get trees: no Flutter VM service found
08:08:08.700119 [DEBUG] Flutter fallback: failed to get trees: no Flutter VM service found
08:08:08.716461 [DEBUG] Flutter fallback: failed to get trees: no Flutter VM service found
08:08:08.732384 [DEBUG] Flutter fallback: failed to get trees: no Flutter VM service found
08:08:08.753566 [DEBUG] Flutter fallback: failed to get trees: no Flutter VM service found
08:08:08.781027 [DEBUG] Flutter fallback: failed to get trees: no Flutter VM service found
08:08:08.795955 [DEBUG] Flutter fallback: failed to get trees: no Flutter VM service found
08:08:08.817867 [DEBUG] Flutter fallback: failed to get trees: no Flutter VM service found
08:08:08.833116 [DEBUG] Flutter fallback: failed to get trees: no Flutter VM service found
08:08:08.857933 [DEBUG] Flutter fallback: failed to get trees: no Flutter VM service found
08:08:08.885725 [DEBUG] Flutter fallback: failed to get trees: no Flutter VM service found
08:08:08.912377 [DEBUG] Flutter fallback: failed to get trees: no Flutter VM service found
08:08:08.932740 [DEBUG] Flutter fallback: failed to get trees: no Flutter VM service found
08:08:08.962958 [DEBUG] Flutter fallback: failed to get trees: no Flutter VM service found
08:08:08.984293 [DEBUG] Flutter fallback: failed to get trees: no Flutter VM service found
08:08:09.001642 [DEBUG] Flutter fallback: failed to get trees: no Flutter VM service found
08:08:09.020232 [DEBUG] Flutter fallback: failed to get trees: no Flutter VM service found
08:08:09.067302 [DEBUG] Flutter fallback: failed to get trees: no Flutter VM service found
08:08:09.102995 [DEBUG] Flutter fallback: failed to get trees: no Flutter VM service found
08:08:09.130223 [DEBUG] Flutter fallback: failed to get trees: no Flutter VM service found
08:08:09.148710 [DEBUG] Flutter fallback: failed to get trees: no Flutter VM service found
08:08:09.165538 [DEBUG] Flutter fallback: failed to get trees: no Flutter VM service found
08:08:09.201323 [DEBUG] Flutter fallback: failed to get trees: no Flutter VM service found
08:08:09.234324 [DEBUG] Flutter fallback: failed to get trees: no Flutter VM service found
08:08:09.249798 [DEBUG] Flutter fallback: failed to get trees: no Flutter VM service found
08:08:09.265294 [DEBUG] Flutter fallback: failed to get trees: no Flutter VM service found
08:08:09.285281 [DEBUG] Flutter fallback: failed to get trees: no Flutter VM service found
08:08:09.301799 [DEBUG] Flutter fallback: failed to get trees: no Flutter VM service found
08:08:09.324868 [DEBUG] Flutter fallback: failed to get trees: no Flutter VM service found
08:08:09.372735 [DEBUG] Flutter fallback: failed to get trees: no Flutter VM service found
08:08:09.391112 [DEBUG] Flutter fallback: failed to get trees: no Flutter VM service found
08:08:09.406285 [DEBUG] Flutter fallback: failed to get trees: no Flutter VM service found
08:08:09.424240 [DEBUG] Flutter fallback: failed to get trees: no Flutter VM service found
08:08:09.438797 [DEBUG] Flutter fallback: failed to get trees: no Flutter VM service found
08:08:09.466190 [DEBUG] Flutter fallback: failed to get trees: no Flutter VM service found
08:08:09.483099 [DEBUG] Flutter fallback: failed to get trees: no Flutter VM service found
08:08:09.500266 [DEBUG] Flutter fallback: failed to get trees: no Flutter VM service found
08:08:09.517128 [DEBUG] Flutter fallback: failed to get trees: no Flutter VM service found
08:08:09.531041 [DEBUG] Flutter fallback: failed to get trees: no Flutter VM service found
08:08:09.541802 [DEBUG] Flutter fallback: failed to get trees: no Flutter VM service found
08:08:09.555049 [DEBUG] Flutter fallback: failed to get trees: no Flutter VM service found
08:08:09.566320 [DEBUG] Flutter fallback: failed to get trees: no Flutter VM service found
08:08:09.579806 [DEBUG] Flutter fallback: failed to get trees: no Flutter VM service found
08:08:09.595013 [DEBUG] Flutter fallback: failed to get trees: no Flutter VM service found
08:08:09.610396 [DEBUG] Flutter fallback: failed to get trees: no Flutter VM service found
08:08:09.623860 [DEBUG] Flutter fallback: failed to get trees: no Flutter VM service found
08:08:09.646280 [DEBUG] Flutter fallback: failed to get trees: no Flutter VM service found
08:08:09.672838 [DEBUG] Flutter fallback: failed to get trees: no Flutter VM service found
08:08:09.691976 [DEBUG] Flutter fallback: failed to get trees: no Flutter VM service found
08:08:09.707126 [DEBUG] Flutter fallback: failed to get trees: no Flutter VM service found
08:08:09.721881 [DEBUG] Flutter fallback: failed to get trees: no Flutter VM service found
08:08:09.738413 [DEBUG] Flutter fallback: failed to get trees: no Flutter VM service found
08:08:09.757988 [DEBUG] Flutter fallback: failed to get trees: no Flutter VM service found
08:08:09.780182 [DEBUG] Flutter fallback: failed to get trees: no Flutter VM service found
08:08:09.821174 [DEBUG] Flutter fallback: failed to get trees: no Flutter VM service found
08:08:09.838845 [DEBUG] Flutter fallback: failed to get trees: no Flutter VM service found
08:08:09.855611 [DEBUG] Flutter fallback: failed to get trees: no Flutter VM service found
08:08:09.870512 [DEBUG] Flutter fallback: failed to get trees: no Flutter VM service found
08:08:09.887067 [DEBUG] Flutter fallback: failed to get trees: no Flutter VM service found
08:08:09.902643 [DEBUG] Flutter fallback: failed to get trees: no Flutter VM service found
08:08:09.950075 [DEBUG] Flutter fallback: failed to get trees: no Flutter VM service found
08:08:09.978510 [DEBUG] Flutter fallback: failed to get trees: no Flutter VM service found
08:08:10.017748 [DEBUG] Flutter fallback: failed to get trees: no Flutter VM service found
08:08:10.034201 [DEBUG] Flutter fallback: failed to get trees: no Flutter VM service found
08:08:10.049880 [DEBUG] Flutter fallback: failed to get trees: no Flutter VM service found
08:08:10.067377 [DEBUG] Flutter fallback: failed to get trees: no Flutter VM service found
08:08:10.088307 [DEBUG] Flutter fallback: failed to get trees: no Flutter VM service found
08:08:10.104150 [DEBUG] Flutter fallback: failed to get trees: no Flutter VM service found
08:08:10.122445 [DEBUG] Flutter fallback: failed to get trees: no Flutter VM service found
08:08:10.142967 [DEBUG] Flutter fallback: failed to get trees: no Flutter VM service found
08:08:10.166759 [DEBUG] Flutter fallback: failed to get trees: no Flutter VM service found
08:08:10.184842 [DEBUG] Flutter fallback: failed to get trees: no Flutter VM service found
08:08:10.288913 [DEBUG] Flutter fallback: failed to get trees: no Flutter VM service found
08:08:10.331088 [DEBUG] Flutter fallback: failed to get trees: no Flutter VM service found
08:08:10.371467 [DEBUG] Flutter fallback: failed to get trees: no Flutter VM service found
08:08:10.402528 [DEBUG] Flutter fallback: failed to get trees: no Flutter VM service found
08:08:10.468351 [DEBUG] Flutter fallback: failed to get trees: no Flutter VM service found
08:08:17.356767 [WARN] launchApp via server failed for com.tastopia.app: unknown command: The requested resource could not be found, or a request was received using an HTTP method that is not supported by the mapped resource — falling back to shell commands
08:08:40.893815 [INFO] === Starting flow: community ===
08:08:40.893824 [INFO] Flow file: .maestro/community/community.yaml
08:08:40.893827 [INFO] Total steps: 13
08:08:46.043278 [WARN] launchApp via server failed for com.tastopia.app: unknown command: The requested resource could not be found, or a request was received using an HTTP method that is not supported by the mapped resource — falling back to shell commands
08:09:11.621092 [WARN] launchApp via server failed for com.tastopia.app: unknown command: The requested resource could not be found, or a request was received using an HTTP method that is not supported by the mapped resource — falling back to shell commands
08:09:35.212394 [INFO] === Starting flow: cooking-mode ===
08:09:35.212403 [INFO] Flow file: .maestro/community/cooking-mode.yaml
08:09:35.212406 [INFO] Total steps: 10
08:09:40.596434 [WARN] launchApp via server failed for com.tastopia.app: unknown command: The requested resource could not be found, or a request was received using an HTTP method that is not supported by the mapped resource — falling back to shell commands
08:10:06.473010 [WARN] launchApp via server failed for com.tastopia.app: unknown command: The requested resource could not be found, or a request was received using an HTTP method that is not supported by the mapped resource — falling back to shell commands
08:10:29.854252 [INFO] === Starting flow: search-recipe ===
08:10:29.854261 [INFO] Flow file: .maestro/search/search-recipe.yaml
08:10:29.854265 [INFO] Total steps: 5
08:10:35.121404 [WARN] launchApp via server failed for com.tastopia.app: unknown command: The requested resource could not be found, or a request was received using an HTTP method that is not supported by the mapped resource — falling back to shell commands
08:11:00.757753 [WARN] launchApp via server failed for com.tastopia.app: unknown command: The requested resource could not be found, or a request was received using an HTTP method that is not supported by the mapped resource — falling back to shell commands
08:11:24.252060 [INFO] === Starting flow: search-user ===
08:11:24.252068 [INFO] Flow file: .maestro/search/search-user.yaml
08:11:24.252071 [INFO] Total steps: 10
08:11:29.377232 [WARN] launchApp via server failed for com.tastopia.app: unknown command: The requested resource could not be found, or a request was received using an HTTP method that is not supported by the mapped resource — falling back to shell commands
08:11:54.941487 [WARN] launchApp via server failed for com.tastopia.app: unknown command: The requested resource could not be found, or a request was received using an HTTP method that is not supported by the mapped resource — falling back to shell commands
08:12:18.653116 [WARN] failed to remove default socket forward for /tmp/uia2-emulator-5554.sock: adb forward --remove localfilesystem:/tmp/uia2-emulator-5554.sock: exit status 1: adb: error: listener 'localfilesystem:/tmp/uia2-emulator-5554.sock' not found
08:12:18.655040 [WARN] failed to remove adb forward for tcp:6790: adb forward --remove tcp:6790: exit status 1: adb: error: listener 'tcp:6790' not found
08:12:18.655052 [INFO] Flow execution completed: 0 passed, 5 failed, 0 skipped
08:12:18.656631 [INFO] Generating reports...
08:12:18.663353 [INFO] Shutting down devices started by maestro-runner...
08:12:18.663516 [INFO] Shutting down all tracked emulators
08:12:18.663526 [INFO] Shutting down all tracked simulators
