12:25:48.691198 [INFO] === Test execution started ===
12:25:48.691213 [INFO] Output directory: reports/2026-09-17_12-25-48
12:25:48.691215 [INFO] Platform: 
12:25:48.691217 [INFO] Driver: uiautomator2
12:25:48.692438 [INFO] Validated 5 flow(s)
12:25:48.692459 [INFO] Single device execution mode
12:25:48.692461 [INFO] Starting flow execution (parallel: false, devices: [])
12:25:48.692464 [INFO] Creating driver for single device execution
12:25:48.692468 [INFO] Auto-detecting Android device...
12:25:48.723341 [INFO] Device info: google Android SDK built for x86, SDK 27, Serial emulator-5554, Emulator: true
12:25:51.715844 [INFO] Starting UIAutomator2 server on device emulator-5554
12:25:52.332546 [WARN] failed to remove default socket forward for /tmp/uia2-emulator-5554.sock: adb forward --remove localfilesystem:/tmp/uia2-emulator-5554.sock: exit status 1: adb: error: listener 'localfilesystem:/tmp/uia2-emulator-5554.sock' not found
12:25:52.334186 [WARN] failed to remove adb forward for tcp:6790: adb forward --remove tcp:6790: exit status 1: adb: error: listener 'tcp:6790' not found
12:25:53.469944 [INFO] Creating UIAutomator2 session with capabilities: Platform=Android, Device=Android SDK built for x86
12:25:53.493293 [INFO] Session created successfully: 0264c6b9-5ebc-4d89-86d2-5e13a5e02433
12:25:53.560925 [INFO] Driver created: android on google Android SDK built for x86
12:25:53.760590 [INFO] === Starting flow: comment-recipe ===
12:25:53.760599 [INFO] Flow file: .maestro/community/comment-recipe.yaml
12:25:53.760601 [INFO] Total steps: 8
12:25:56.897413 [WARN] launchApp via server failed for com.tastopia.app: unknown command: The requested resource could not be found, or a request was received using an HTTP method that is not supported by the mapped resource — falling back to shell commands
12:25:58.332922 [DEBUG] Flutter: parallel search (text="", id="welcome-sign-in-button")
12:25:58.480682 [DEBUG] Flutter fallback: failed to get trees: no Flutter VM service found
12:25:58.636024 [DEBUG] Flutter fallback: failed to get trees: no Flutter VM service found
12:25:58.734396 [DEBUG] Flutter fallback: failed to get trees: no Flutter VM service found
12:25:58.790223 [DEBUG] Flutter fallback: failed to get trees: no Flutter VM service found
12:25:58.851303 [DEBUG] Flutter fallback: failed to get trees: no Flutter VM service found
12:25:58.961123 [DEBUG] Flutter fallback: failed to get trees: no Flutter VM service found
12:25:59.067189 [DEBUG] Flutter fallback: failed to get trees: no Flutter VM service found
12:25:59.144547 [DEBUG] Flutter fallback: failed to get trees: no Flutter VM service found
12:25:59.236119 [DEBUG] Flutter fallback: failed to get trees: no Flutter VM service found
12:25:59.329186 [DEBUG] Flutter fallback: failed to get trees: no Flutter VM service found
12:25:59.414617 [DEBUG] Flutter fallback: failed to get trees: no Flutter VM service found
12:25:59.517134 [DEBUG] Flutter fallback: failed to get trees: no Flutter VM service found
12:25:59.647710 [DEBUG] Flutter fallback: failed to get trees: no Flutter VM service found
12:25:59.766655 [DEBUG] Flutter fallback: failed to get trees: no Flutter VM service found
12:25:59.849278 [DEBUG] Flutter fallback: failed to get trees: no Flutter VM service found
12:25:59.910049 [DEBUG] Flutter fallback: failed to get trees: no Flutter VM service found
12:25:59.972755 [DEBUG] Flutter fallback: failed to get trees: no Flutter VM service found
12:26:00.056457 [DEBUG] Flutter fallback: failed to get trees: no Flutter VM service found
12:26:00.135855 [DEBUG] Flutter fallback: failed to get trees: no Flutter VM service found
12:26:00.190354 [DEBUG] Flutter fallback: failed to get trees: no Flutter VM service found
12:26:00.252400 [DEBUG] Flutter fallback: failed to get trees: no Flutter VM service found
12:26:00.314852 [DEBUG] Flutter fallback: failed to get trees: no Flutter VM service found
12:26:00.391093 [DEBUG] Flutter fallback: failed to get trees: no Flutter VM service found
12:26:00.444619 [DEBUG] Flutter fallback: failed to get trees: no Flutter VM service found
12:26:00.493739 [DEBUG] Flutter fallback: failed to get trees: no Flutter VM service found
12:26:00.550984 [DEBUG] Flutter fallback: failed to get trees: no Flutter VM service found
12:26:00.606264 [DEBUG] Flutter fallback: failed to get trees: no Flutter VM service found
12:26:00.661372 [DEBUG] Flutter fallback: failed to get trees: no Flutter VM service found
12:26:00.719575 [DEBUG] Flutter fallback: failed to get trees: no Flutter VM service found
12:26:00.779638 [DEBUG] Flutter fallback: failed to get trees: no Flutter VM service found
12:26:00.827682 [DEBUG] Flutter fallback: failed to get trees: no Flutter VM service found
12:26:00.884814 [DEBUG] Flutter fallback: failed to get trees: no Flutter VM service found
12:26:00.939474 [DEBUG] Flutter fallback: failed to get trees: no Flutter VM service found
12:26:01.003186 [DEBUG] Flutter fallback: failed to get trees: no Flutter VM service found
12:26:11.788984 [DEBUG] Executing step 0: assertVisible: text="Community"
12:26:11.803532 [DEBUG] Step 0 completed successfully (14ms): assertVisible: text="Community"
12:26:11.803742 [DEBUG] Executing step 1: tapOn: id="COMMUNITY"
12:26:11.871410 [DEBUG] Step 1 completed successfully (67ms): tapOn: id="COMMUNITY"
12:26:11.871627 [DEBUG] Executing step 2: tapOn: id="recipe"
12:26:12.023571 [DEBUG] Step 2 completed successfully (151ms): tapOn: id="recipe"
12:26:12.024011 [DEBUG] Executing step 3: scrollUntilVisible: id="recipe-comment-input"
12:26:20.487914 [DEBUG] Step 3 completed successfully (8463ms): scrollUntilVisible: id="recipe-comment-input"
12:26:20.488284 [DEBUG] Executing step 4: tapOn: id="recipe-comment-input"
12:26:20.756547 [DEBUG] Step 4 completed successfully (268ms): tapOn: id="recipe-comment-input"
12:26:20.756941 [DEBUG] Executing step 5: inputText: "test comment"
12:26:21.724303 [DEBUG] Step 5 completed successfully (967ms): inputText: "test comment"
12:26:21.724671 [DEBUG] Executing step 6: hideKeyboard
12:26:21.732243 [DEBUG] Step 6 completed successfully (7ms): hideKeyboard
12:26:21.732516 [DEBUG] Executing step 7: tapOn: id="submit-comment-button"
12:26:25.610927 [DEBUG] Step 7 completed successfully (3878ms): tapOn: id="submit-comment-button"
12:26:25.614715 [INFO] === Flow completed: comment-recipe (status: passed, duration: 31854ms, passed: 21, failed: 0, skipped: 0) ===
12:26:29.417130 [WARN] launchApp via server failed for com.tastopia.app: unknown command: The requested resource could not be found, or a request was received using an HTTP method that is not supported by the mapped resource — falling back to shell commands
12:26:36.448875 [INFO] === Starting flow: community ===
12:26:36.448882 [INFO] Flow file: .maestro/community/community.yaml
12:26:36.448885 [INFO] Total steps: 13
12:26:39.645170 [WARN] launchApp via server failed for com.tastopia.app: unknown command: The requested resource could not be found, or a request was received using an HTTP method that is not supported by the mapped resource — falling back to shell commands
12:26:52.531630 [DEBUG] Executing step 0: assertVisible: text="Community"
12:26:52.546340 [DEBUG] Step 0 completed successfully (14ms): assertVisible: text="Community"
12:26:52.546525 [DEBUG] Executing step 1: tapOn: id="COMMUNITY"
12:26:52.606929 [DEBUG] Step 1 completed successfully (60ms): tapOn: id="COMMUNITY"
12:26:52.607174 [DEBUG] Executing step 2: extendedWaitUntil: visible id="recipe"
12:26:52.691066 [DEBUG] Step 2 completed successfully (83ms): extendedWaitUntil: visible id="recipe"
12:26:52.691393 [DEBUG] Executing step 3: tapOn: id="community-filter-noodles"
12:26:52.788820 [DEBUG] Step 3 completed successfully (97ms): tapOn: id="community-filter-noodles"
12:26:52.789289 [DEBUG] Executing step 4: extendedWaitUntil: visible id="recipe"
12:26:52.864461 [DEBUG] Step 4 completed successfully (75ms): extendedWaitUntil: visible id="recipe"
12:26:52.864881 [DEBUG] Executing step 5: tapOn: id="community-filter-spice"
12:26:52.923915 [DEBUG] Step 5 completed successfully (59ms): tapOn: id="community-filter-spice"
12:26:52.924365 [DEBUG] Executing step 6: extendedWaitUntil: visible id="recipe"
12:26:54.403289 [DEBUG] Step 6 completed successfully (1478ms): extendedWaitUntil: visible id="recipe"
12:26:54.403664 [DEBUG] Executing step 7: tapOn: id="community-filter-bbq"
12:26:54.463148 [DEBUG] Step 7 completed successfully (59ms): tapOn: id="community-filter-bbq"
12:26:54.463494 [DEBUG] Executing step 8: extendedWaitUntil: visible id="recipe"
12:26:54.517454 [DEBUG] Step 8 completed successfully (53ms): extendedWaitUntil: visible id="recipe"
12:26:54.517700 [DEBUG] Executing step 9: tapOn: id="community-filter-seafood"
12:26:55.232416 [DEBUG] Step 9 completed successfully (714ms): tapOn: id="community-filter-seafood"
12:26:55.232837 [DEBUG] Executing step 10: extendedWaitUntil: visible id="recipe"
12:26:56.221996 [DEBUG] Step 10 completed successfully (989ms): extendedWaitUntil: visible id="recipe"
12:26:56.222393 [DEBUG] Executing step 11: tapOn: id="community-filter-all"
12:26:56.335205 [DEBUG] Step 11 completed successfully (112ms): tapOn: id="community-filter-all"
12:26:56.335479 [DEBUG] Executing step 12: extendedWaitUntil: visible id="recipe"
12:26:56.401316 [DEBUG] Step 12 completed successfully (65ms): extendedWaitUntil: visible id="recipe"
12:26:56.566848 [INFO] === Flow completed: community (status: passed, duration: 20117ms, passed: 26, failed: 0, skipped: 0) ===
12:26:59.838814 [WARN] launchApp via server failed for com.tastopia.app: unknown command: The requested resource could not be found, or a request was received using an HTTP method that is not supported by the mapped resource — falling back to shell commands
12:27:05.115081 [INFO] === Starting flow: cooking-mode ===
12:27:05.115091 [INFO] Flow file: .maestro/community/cooking-mode.yaml
12:27:05.115094 [INFO] Total steps: 10
12:27:08.247958 [WARN] launchApp via server failed for com.tastopia.app: unknown command: The requested resource could not be found, or a request was received using an HTTP method that is not supported by the mapped resource — falling back to shell commands
12:27:21.345928 [DEBUG] Executing step 0: assertVisible: text="Community"
12:27:21.368064 [DEBUG] Step 0 completed successfully (22ms): assertVisible: text="Community"
12:27:21.368352 [DEBUG] Executing step 1: tapOn: id="COMMUNITY"
12:27:21.436081 [DEBUG] Step 1 completed successfully (67ms): tapOn: id="COMMUNITY"
12:27:21.436308 [DEBUG] Executing step 2: tapOn: id="recipe"
12:27:23.290813 [DEBUG] Step 2 completed successfully (1854ms): tapOn: id="recipe"
12:27:23.291210 [DEBUG] Executing step 3: tapOn: id="recipe-cook-button"
12:27:25.319658 [DEBUG] Step 3 completed successfully (2028ms): tapOn: id="recipe-cook-button"
12:27:25.320120 [DEBUG] Executing step 4: tapOn: id="active-speaking-switch"
12:27:26.630684 [DEBUG] Step 4 completed successfully (1310ms): tapOn: id="active-speaking-switch"
12:27:26.631065 [DEBUG] Executing step 5: runFlow
12:27:33.710810 [DEBUG] Step 5 completed successfully (7079ms): runFlow
12:27:33.711098 [DEBUG] Executing step 6: runFlow
12:27:40.759681 [DEBUG] Step 6 completed successfully (7048ms): runFlow
12:27:40.759977 [DEBUG] Executing step 7: tapOn: id="active-speaking-switch"
12:27:40.804804 [DEBUG] Step 7 completed successfully (44ms): tapOn: id="active-speaking-switch"
12:27:40.805122 [DEBUG] Executing step 8: tapOn: id="cooking-next-button"
12:27:41.352674 [DEBUG] Step 8 completed successfully (547ms): tapOn: id="cooking-next-button"
12:27:41.353097 [DEBUG] Executing step 9: tapOn: id="cooking-back-button"
12:27:42.035250 [DEBUG] Step 9 completed successfully (682ms): tapOn: id="cooking-back-button"
12:27:42.040792 [INFO] === Flow completed: cooking-mode (status: passed, duration: 36925ms, passed: 21, failed: 0, skipped: 0) ===
12:27:45.531504 [WARN] launchApp via server failed for com.tastopia.app: unknown command: The requested resource could not be found, or a request was received using an HTTP method that is not supported by the mapped resource — falling back to shell commands
12:27:52.531755 [INFO] === Starting flow: search-recipe ===
12:27:52.531761 [INFO] Flow file: .maestro/search/search-recipe.yaml
12:27:52.531766 [INFO] Total steps: 5
12:27:55.794028 [WARN] launchApp via server failed for com.tastopia.app: unknown command: The requested resource could not be found, or a request was received using an HTTP method that is not supported by the mapped resource — falling back to shell commands
12:28:07.875104 [DEBUG] Executing step 0: tapOn: id="SEARCH"
12:28:07.936406 [DEBUG] Step 0 completed successfully (61ms): tapOn: id="SEARCH"
12:28:07.936682 [DEBUG] Executing step 1: tapOn: id="search-recipe-input"
12:28:09.409607 [DEBUG] Step 1 completed successfully (1472ms): tapOn: id="search-recipe-input"
12:28:09.409922 [DEBUG] Executing step 2: inputText: "a"
12:28:09.436492 [DEBUG] Step 2 completed successfully (26ms): inputText: "a"
12:28:09.438357 [DEBUG] Executing step 3: hideKeyboard
12:28:09.441752 [DEBUG] Step 3 completed successfully (3ms): hideKeyboard
12:28:09.441991 [DEBUG] Executing step 4: extendedWaitUntil: visible id="search-recipe-item"
12:28:11.874715 [DEBUG] Step 4 completed successfully (2432ms): extendedWaitUntil: visible id="search-recipe-item"
12:28:11.879770 [INFO] === Flow completed: search-recipe (status: passed, duration: 19348ms, passed: 18, failed: 0, skipped: 0) ===
12:28:15.107656 [WARN] launchApp via server failed for com.tastopia.app: unknown command: The requested resource could not be found, or a request was received using an HTTP method that is not supported by the mapped resource — falling back to shell commands
12:28:20.730775 [INFO] === Starting flow: search-user ===
12:28:20.730784 [INFO] Flow file: .maestro/search/search-user.yaml
12:28:20.730786 [INFO] Total steps: 10
12:28:23.829746 [WARN] launchApp via server failed for com.tastopia.app: unknown command: The requested resource could not be found, or a request was received using an HTTP method that is not supported by the mapped resource — falling back to shell commands
12:28:34.085846 [DEBUG] Executing step 0: tapOn: id="SEARCH"
12:28:34.151942 [DEBUG] Step 0 completed successfully (66ms): tapOn: id="SEARCH"
12:28:34.152265 [DEBUG] Executing step 1: tapOn: id="search-mode-toggle-button"
12:28:34.973140 [DEBUG] Step 1 completed successfully (820ms): tapOn: id="search-mode-toggle-button"
12:28:34.973486 [DEBUG] Executing step 2: tapOn: id="search-user-input"
12:28:36.333906 [DEBUG] Step 2 completed successfully (1360ms): tapOn: id="search-user-input"
12:28:36.334274 [DEBUG] Executing step 3: inputText: "a"
12:28:36.361219 [DEBUG] Step 3 completed successfully (26ms): inputText: "a"
12:28:36.361640 [DEBUG] Executing step 4: hideKeyboard
12:28:36.373336 [DEBUG] Step 4 completed successfully (11ms): hideKeyboard
12:28:36.373687 [DEBUG] Executing step 5: assertVisible: id="search-user-follow-button"
12:28:38.045255 [DEBUG] Step 5 completed successfully (1671ms): assertVisible: id="search-user-follow-button"
12:28:38.045650 [DEBUG] Executing step 6: tapOn: id="search-user-follow-button"
12:28:38.824337 [DEBUG] Step 6 completed successfully (778ms): tapOn: id="search-user-follow-button"
12:28:38.826722 [DEBUG] Executing step 7: assertVisible: text="Unfollow"
12:28:55.958796 [ERROR] Step 7 failed (17132ms): assertVisible: text="Unfollow" - Error: Element not visible: context deadline exceeded: no such element: An element could not be located on the page using the given search parameters
12:28:56.273470 [INFO] === Flow completed: search-user (status: failed, duration: 35542ms, passed: 20, failed: 1, skipped: 2) ===
12:28:59.417759 [WARN] launchApp via server failed for com.tastopia.app: unknown command: The requested resource could not be found, or a request was received using an HTTP method that is not supported by the mapped resource — falling back to shell commands
12:29:06.095008 [WARN] failed to remove default socket forward for /tmp/uia2-emulator-5554.sock: adb forward --remove localfilesystem:/tmp/uia2-emulator-5554.sock: exit status 1: adb: error: listener 'localfilesystem:/tmp/uia2-emulator-5554.sock' not found
12:29:06.096423 [WARN] failed to remove adb forward for tcp:6790: adb forward --remove tcp:6790: exit status 1: adb: error: listener 'tcp:6790' not found
12:29:06.096437 [INFO] Flow execution completed: 4 passed, 1 failed, 0 skipped
12:29:06.097446 [INFO] Generating reports...
12:29:06.101533 [INFO] Shutting down devices started by maestro-runner...
12:29:06.101540 [INFO] Shutting down all tracked emulators
12:29:06.101543 [INFO] Shutting down all tracked simulators
